Component: ARM Compiler 5.06 update 7 (build 960) Tool: armlink [4d3601]

==============================================================================

Section Cross References

    stm32f10x_it.o(i.SysTick_Handler) refers to stm32f10x_it.o(.data) for time32_incr
    main.o(i.Anchor_Array_Init) refers to main.o(.bss) for Anthordistance
    main.o(i.Semaphore_Init) refers to main.o(.data) for Semaphore
    main.o(i.Sum_Tag_Semaphore_request) refers to main.o(.data) for Semaphore
    main.o(i.Tag_Measure_Dis) refers to deca_device.o(i.dwt_setrxaftertxdelay) for dwt_setrxaftertxdelay
    main.o(i.Tag_Measure_Dis) refers to deca_device.o(i.dwt_setrxtimeout) for dwt_setrxtimeout
    main.o(i.Tag_Measure_Dis) refers to deca_device.o(i.dwt_writetxdata) for dwt_writetxdata
    main.o(i.Tag_Measure_Dis) refers to deca_device.o(i.dwt_writetxfctrl) for dwt_writetxfctrl
    main.o(i.Tag_Measure_Dis) refers to deca_device.o(i.dwt_starttx) for dwt_starttx
    main.o(i.Tag_Measure_Dis) refers to deca_device.o(i.dwt_rxenable) for dwt_rxenable
    main.o(i.Tag_Measure_Dis) refers to deca_device.o(i.dwt_read32bitoffsetreg) for dwt_read32bitoffsetreg
    main.o(i.Tag_Measure_Dis) refers to stm32f10x_gpio.o(i.GPIO_SetBits) for GPIO_SetBits
    main.o(i.Tag_Measure_Dis) refers to deca_device.o(i.dwt_write32bitoffsetreg) for dwt_write32bitoffsetreg
    main.o(i.Tag_Measure_Dis) refers to deca_device.o(i.dwt_readrxdata) for dwt_readrxdata
    main.o(i.Tag_Measure_Dis) refers to memcmp.o(.text) for memcmp
    main.o(i.Tag_Measure_Dis) refers to main.o(i.get_tx_timestamp_u64) for get_tx_timestamp_u64
    main.o(i.Tag_Measure_Dis) refers to main.o(i.get_rx_timestamp_u64) for get_rx_timestamp_u64
    main.o(i.Tag_Measure_Dis) refers to deca_device.o(i.dwt_setdelayedtrxtime) for dwt_setdelayedtrxtime
    main.o(i.Tag_Measure_Dis) refers to main.o(i.final_msg_set_ts) for final_msg_set_ts
    main.o(i.Tag_Measure_Dis) refers to main.o(i.distance_mange) for distance_mange
    main.o(i.Tag_Measure_Dis) refers to main.o(.data) for frame_seq_nb
    main.o(i.Tag_Measure_Dis) refers to main.o(.bss) for rx_buffer
    main.o(i.compute_angle_send_to_anthor0) refers to deca_device.o(i.dwt_writetxdata) for dwt_writetxdata
    main.o(i.compute_angle_send_to_anthor0) refers to deca_device.o(i.dwt_writetxfctrl) for dwt_writetxfctrl
    main.o(i.compute_angle_send_to_anthor0) refers to deca_device.o(i.dwt_starttx) for dwt_starttx
    main.o(i.compute_angle_send_to_anthor0) refers to deca_device.o(i.dwt_read32bitoffsetreg) for dwt_read32bitoffsetreg
    main.o(i.compute_angle_send_to_anthor0) refers to main.o(.data) for angle_msg
    main.o(i.distance_mange) refers to main.o(i.filter) for filter
    main.o(i.distance_mange) refers to main.o(i.compute_angle_send_to_anthor0) for compute_angle_send_to_anthor0
    main.o(i.distance_mange) refers to lcd_oled.o(i.LCD_ClearLines) for LCD_ClearLines
    main.o(i.distance_mange) refers to fflti.o(.text) for __aeabi_i2f
    main.o(i.distance_mange) refers to fdiv.o(.text) for __aeabi_fdiv
    main.o(i.distance_mange) refers to f2d.o(.text) for __aeabi_f2d
    main.o(i.distance_mange) refers to printfa.o(i.__0sprintf) for __2sprintf
    main.o(i.distance_mange) refers to lcd_oled.o(i.OLED_ShowString) for OLED_ShowString
    main.o(i.distance_mange) refers to printfa.o(i.__0printf) for __2printf
    main.o(i.distance_mange) refers to main.o(.bss) for Anthordistance_count
    main.o(i.distance_mange) refers to main.o(.data) for first_distance
    main.o(i.filter) refers to main.o(.bss) for filter_index
    main.o(i.fputc) refers to stm32f10x_usart.o(i.USART_ClearFlag) for USART_ClearFlag
    main.o(i.fputc) refers to stm32f10x_usart.o(i.USART_SendData) for USART_SendData
    main.o(i.fputc) refers to stm32f10x_usart.o(i.USART_GetFlagStatus) for USART_GetFlagStatus
    main.o(i.get_rx_timestamp_u64) refers to deca_device.o(i.dwt_readrxtimestamp) for dwt_readrxtimestamp
    main.o(i.get_tx_timestamp_u64) refers to deca_device.o(i.dwt_readtxtimestamp) for dwt_readtxtimestamp
    main.o(i.main) refers to port.o(i.peripherals_init) for peripherals_init
    main.o(i.main) refers to printfa.o(i.__0printf) for __2printf
    main.o(i.main) refers to port.o(i.reset_DW1000) for reset_DW1000
    main.o(i.main) refers to port.o(i.spi_set_rate_low) for spi_set_rate_low
    main.o(i.main) refers to deca_device.o(i.dwt_initialise) for dwt_initialise
    main.o(i.main) refers to lcd_oled.o(i.OLED_ShowString) for OLED_ShowString
    main.o(i.main) refers to stm32_eval.o(i.STM_EVAL_LEDOn) for STM_EVAL_LEDOn
    main.o(i.main) refers to deca_sleep.o(i.deca_sleep) for deca_sleep
    main.o(i.main) refers to stm32_eval.o(i.STM_EVAL_LEDOff) for STM_EVAL_LEDOff
    main.o(i.main) refers to port.o(i.spi_set_rate_high) for spi_set_rate_high
    main.o(i.main) refers to deca_device.o(i.dwt_configure) for dwt_configure
    main.o(i.main) refers to deca_device.o(i.dwt_setleds) for dwt_setleds
[...]
    Removing deca_device.o(i.dwt_isr), (836 bytes).
    Removing deca_device.o(i.dwt_loadopsettabfromotp), (56 bytes).
    Removing deca_device.o(i.dwt_otpread), (46 bytes).
    Removing deca_device.o(i.dwt_otprevision), (12 bytes).
    Removing deca_device.o(i.dwt_otpwriteandverify), (90 bytes).
    Removing deca_device.o(i.dwt_readaccdata), (34 bytes).
    Removing deca_device.o(i.dwt_readdiagnostics), (60 bytes).
    Removing deca_device.o(i.dwt_readeventcounters), (138 bytes).
    Removing deca_device.o(i.dwt_readrxtimestamphi32), (12 bytes).
    Removing deca_device.o(i.dwt_readrxtimestamplo32), (12 bytes).
    Removing deca_device.o(i.dwt_readsystime), (18 bytes).
    Removing deca_device.o(i.dwt_readsystimestamphi32), (12 bytes).
    Removing deca_device.o(i.dwt_readtempvbat), (174 bytes).
    Removing deca_device.o(i.dwt_readtxtimestamphi32), (12 bytes).
    Removing deca_device.o(i.dwt_readtxtimestamplo32), (12 bytes).
    Removing deca_device.o(i.dwt_readwakeuptemp), (20 bytes).
    Removing deca_device.o(i.dwt_readwakeupvbat), (20 bytes).
    Removing deca_device.o(i.dwt_rxreset), (36 bytes).
    Removing deca_device.o(i.dwt_setGPIOdirection), (42 bytes).
    Removing deca_device.o(i.dwt_setGPIOforEXTTRX), (40 bytes).
    Removing deca_device.o(i.dwt_setGPIOvalue), (42 bytes).
    Removing deca_device.o(i.dwt_setaddress16), (16 bytes).
    Removing deca_device.o(i.dwt_setautorxreenable), (64 bytes).
    Removing deca_device.o(i.dwt_setcallbacks), (12 bytes).
    Removing deca_device.o(i.dwt_setdblrxbuffmode), (60 bytes).
    Removing deca_device.o(i.dwt_seteui), (18 bytes).
    Removing deca_device.o(i.dwt_setinterrupt), (52 bytes).
    Removing deca_device.o(i.dwt_setpanid), (16 bytes).
    Removing deca_device.o(i.dwt_setpreambledetecttimeout), (16 bytes).
    Removing deca_device.o(i.dwt_setrxmode), (54 bytes).
    Removing deca_device.o(i.dwt_setsmarttxpower), (60 bytes).
    Removing deca_device.o(i.dwt_softreset), (112 bytes).
    Removing deca_device.o(i.dwt_spicswakeup), (64 bytes).
    Removing deca_range_tables.o(i.dwt_getrangebias), (292 bytes).
    Removing deca_range_tables.o(.constdata), (522 bytes).
    Removing trilateration.o(i.Cross_Point), (176 bytes).
    Removing trilateration.o(i.GetLocation), (820 bytes).
    Removing trilateration.o(i.GetLocation2), (1112 bytes).
    Removing trilateration.o(i.Th_Location), (548 bytes).
    Removing trilateration.o(i.Th_Location2), (182 bytes).
    Removing trilateration.o(i.cross), (178 bytes).
    Removing trilateration.o(i.deca_3dlocate), (1246 bytes).
    Removing trilateration.o(i.distance), (26 bytes).
    Removing trilateration.o(i.distance_sqr), (128 bytes).
    Removing trilateration.o(i.dot), (94 bytes).
    Removing trilateration.o(i.double_equals), (60 bytes).
    Removing trilateration.o(i.gdoprate), (432 bytes).
    Removing trilateration.o(i.insect), (1906 bytes).
    Removing trilateration.o(i.norm), (84 bytes).
    Removing trilateration.o(i.sphereline), (1052 bytes).
    Removing trilateration.o(i.trilateration), (4272 bytes).
    Removing trilateration.o(i.trilateration_1), (1052 bytes).
    Removing trilateration.o(i.vdiff), (90 bytes).
    Removing trilateration.o(i.vdist), (160 bytes).
    Removing trilateration.o(i.vdiv), (88 bytes).
    Removing trilateration.o(i.vmul), (88 bytes).
    Removing trilateration.o(i.vnorm), (110 bytes).
    Removing trilateration.o(i.vsum), (90 bytes).
    Removing kalman.o(i.KalMan_PramInit), (68 bytes).
    Removing kalman.o(i.KalMan_Update), (360 bytes).
    Removing kalman.o(.data), (60 bytes).
    Removing matrix.o(i.Gauss_Jordan), (656 bytes).
    Removing matrix.o(i.MatrixAdd), (52 bytes).
    Removing matrix.o(i.MatrixCal), (66 bytes).
    Removing matrix.o(i.MatrixDet1), (388 bytes).
    Removing matrix.o(i.MatrixInv1), (228 bytes).
    Removing matrix.o(i.MatrixMinus), (64 bytes).
    Removing matrix.o(i.MatrixMul), (118 bytes).
    Removing matrix.o(i.MatrixTrans), (48 bytes).
    Removing at24c02.o(i.AT24C02_Read), (264 bytes).
    Removing at24c02.o(i.AT24C02_Write), (252 bytes).
    Removing at24c02.o(i.I2C_EE_BufferRead), (232 bytes).
    Removing at24c02.o(i.I2C_EE_BufferWrite), (298 bytes).
    Removing at24c02.o(i.I2C_EE_ByteWrite), (128 bytes).
    Removing at24c02.o(i.I2C_EE_PageWrite), (160 bytes).
    Removing at24c02.o(i.I2C_EE_WaitEepromStandbyState), (84 bytes).
    Removing at24c02.o(.data), (2 bytes).
    Removing i2c.o(i.I2C_Ack), (52 bytes).
    Removing i2c.o(i.I2C_GPIO_Config), (60 bytes).
    Removing i2c.o(i.I2C_NoAck), (52 bytes).
    Removing i2c.o(i.I2C_RadeByte), (84 bytes).
    Removing i2c.o(i.I2C_SendByte), (84 bytes).
    Removing i2c.o(i.I2C_Start), (88 bytes).
    Removing i2c.o(i.I2C_Stop), (52 bytes).
    Removing i2c.o(i.I2C_WaitAck), (80 bytes).
    Removing i2c.o(i.I2C_delay), (14 bytes).
    Removing i2c.o(i.Single_ReadI2C), (88 bytes).
    Removing i2c.o(i.Single_WriteI2C), (88 bytes).
    Removing i2c.o(i.delay5ms), (14 bytes).
    Removing i2c.o(.data), (2 bytes).
    Removing fadd.o(.text), (176 bytes).
    Removing fmul.o(.text), (100 bytes).
    Removing dflti.o(.text), (34 bytes).
    Removing dfltui.o(.text), (26 bytes).
    Removing dfixi.o(.text), (62 bytes).
    Removing cdcmple.o(.text), (48 bytes).
    Removing d2f.o(.text), (56 bytes).
    Removing cfrcmple.o(.text), (20 bytes).
    Removing dscalb.o(.text), (46 bytes).
    Removing dsqrt.o(.text), (162 bytes).

741 unused section(s) (total 72474 bytes) removed from the image.

==============================================================================

Image Symbol Table

    Local Symbols

    Symbol Name                              Value     Ov Type        Size  Object(Section)

    ../clib/../cmprslib/zerorunl2.c          0x00000000   Number         0  __dczerorl2.o ABSOLUTE
    ../clib/microlib/division.c              0x00000000   Number         0  uidiv.o ABSOLUTE
    ../clib/microlib/division.c              0x00000000   Number         0  uldiv.o ABSOLUTE
    ../clib/microlib/errno.c                 0x00000000   Number         0  errno.o ABSOLUTE
    ../clib/microlib/init/entry.s            0x00000000   Number         0  entry.o ABSOLUTE
    ../clib/microlib/init/entry.s            0x00000000   Number         0  entry5.o ABSOLUTE
    ../clib/microlib/init/entry.s            0x00000000   Number         0  entry2.o ABSOLUTE
    ../clib/microlib/init/entry.s            0x00000000   Number         0  entry11a.o ABSOLUTE
    ../clib/microlib/init/entry.s            0x00000000   Number         0  entry7b.o ABSOLUTE
    ../clib/microlib/init/entry.s            0x00000000   Number         0  entry8a.o ABSOLUTE
    ../clib/microlib/init/entry.s            0x00000000   Number         0  entry8b.o ABSOLUTE
    ../clib/microlib/init/entry.s            0x00000000   Number         0  entry7a.o ABSOLUTE
    ../clib/microlib/init/entry.s            0x00000000   Number         0  entry9a.o ABSOLUTE
    ../clib/microlib/init/entry.s            0x00000000   Number         0  entry10a.o ABSOLUTE
    ../clib/microlib/init/entry.s            0x00000000   Number         0  entry10b.o ABSOLUTE
    ../clib/microlib/init/entry.s            0x00000000   Number         0  entry11b.o ABSOLUTE
    ../clib/microlib/init/entry.s            0x00000000   Number         0  entry12a.o ABSOLUTE
    ../clib/microlib/init/entry.s            0x00000000   Number         0  entry9b.o ABSOLUTE
    ../clib/microlib/init/entry.s            0x00000000   Number         0  entry12b.o ABSOLUTE
    ../clib/microlib/longlong.c              0x00000000   Number         0  llushr.o ABSOLUTE
    ../clib/microlib/longlong.c              0x00000000   Number         0  llsshr.o ABSOLUTE
    ../clib/microlib/longlong.c              0x00000000   Number         0  llshl.o ABSOLUTE
    ../clib/microlib/printf/printf.c         0x00000000   Number         0  printf2.o ABSOLUTE
    ../clib/microlib/printf/printf.c         0x00000000   Number         0  printf1.o ABSOLUTE
    ../clib/microlib/printf/printf.c         0x00000000   Number         0  printf0.o ABSOLUTE
    ../clib/microlib/printf/printf.c         0x00000000   Number         0  printfb.o ABSOLUTE
    ../clib/microlib/printf/printf.c         0x00000000   Number         0  printf6.o ABSOLUTE
    ../clib/microlib/printf/printf.c         0x00000000   Number         0  printfa.o ABSOLUTE
    ../clib/microlib/printf/printf.c         0x00000000   Number         0  printf8.o ABSOLUTE
    ../clib/microlib/printf/printf.c         0x00000000   Number         0  printf7.o ABSOLUTE
    ../clib/microlib/printf/printf.c         0x00000000   Number         0  printf5.o ABSOLUTE
    ../clib/microlib/printf/printf.c         0x00000000   Number         0  printf4.o ABSOLUTE
    ../clib/microlib/printf/printf.c         0x00000000   Number         0  printf3.o ABSOLUTE
    ../clib/microlib/printf/stubs.s          0x00000000   Number         0  stubs.o ABSOLUTE
    ../clib/microlib/stdio/putchar.c         0x00000000   Number         0  putchar.o ABSOLUTE
    ../clib/microlib/stdio/streams.c         0x00000000   Number         0  stdout.o ABSOLUTE
    ../clib/microlib/stdlib/abs.c            0x00000000   Number         0  ilabs.o ABSOLUTE
    ../clib/microlib/stdlib/abs.c            0x00000000   Number         0  siabs.o ABSOLUTE
    ../clib/microlib/string/memcmp.c         0x00000000   Number         0  memcmp.o ABSOLUTE
    ../clib/microlib/string/memcpy.c         0x00000000   Number         0  memcpya.o ABSOLUTE
    ../clib/microlib/string/memcpy.c         0x00000000   Number         0  memcpyb.o ABSOLUTE
    ../clib/microlib/string/strlen.c         0x00000000   Number         0  strlen.o ABSOLUTE
    ../clib/microlib/stubs.s                 0x00000000   Number         0  iusefp.o ABSOLUTE
    ../fplib/microlib/d2f.c                  0x00000000   Number         0  d2f.o ABSOLUTE
    ../fplib/microlib/f2d.c                  0x00000000   Number         0  f2d.o ABSOLUTE
    ../fplib/microlib/fpadd.c                0x00000000   Number         0  dadd.o ABSOLUTE
    ../fplib/microlib/fpadd.c                0x00000000   Number         0  fadd.o ABSOLUTE
    ../fplib/microlib/fpdiv.c                0x00000000   Number         0  fdiv.o ABSOLUTE
    ../fplib/microlib/fpdiv.c                0x00000000   Number         0  ddiv.o ABSOLUTE
    ../fplib/microlib/fpepilogue.c           0x00000000   Number         0  fepilogue.o ABSOLUTE
    ../fplib/microlib/fpepilogue.c           0x00000000   Number         0  depilogue.o ABSOLUTE
    ../fplib/microlib/fpfix.c                0x00000000   Number         0  dfixul.o ABSOLUTE
    ../fplib/microlib/fpfix.c                0x00000000   Number         0  dfixi.o ABSOLUTE
    ../fplib/microlib/fpflt.c                0x00000000   Number         0  dflti.o ABSOLUTE
    ../fplib/microlib/fpflt.c                0x00000000   Number         0  dfltui.o ABSOLUTE
    ../fplib/microlib/fpflt.c                0x00000000   Number         0  fflti.o ABSOLUTE
    ../fplib/microlib/fpmul.c                0x00000000   Number         0  fmul.o ABSOLUTE
    ../fplib/microlib/fpmul.c                0x00000000   Number         0  dmul.o ABSOLUTE
    ../fplib/microlib/fpscalb.c              0x00000000   Number         0  dscalb.o ABSOLUTE
    ../fplib/microlib/fpsqrt.c               0x00000000   Number         0  dsqrt.o ABSOLUTE
    ../mathlib/dunder.c                      0x00000000   Number         0  dunder.o ABSOLUTE
    ../mathlib/fpclassify.c                  0x00000000   Number         0  fpclassify.o ABSOLUTE
    ../mathlib/poly.c                        0x00000000   Number         0  poly.o ABSOLUTE
    ../mathlib/pow.c                         0x00000000   Number         0  pow_x.o ABSOLUTE
    ../mathlib/pow.c                         0x00000000   Number         0  pow.o ABSOLUTE
    ../mathlib/qnan.c                        0x00000000   Number         0  qnan.o ABSOLUTE
    ../mathlib/sqrt.c                        0x00000000   Number         0  sqrt_x.o ABSOLUTE
    ../mathlib/sqrt.c                        0x00000000   Number         0  sqrt.o ABSOLUTE
    ..\..\..\Libraries\CMSIS\CM3\CoreSupport\core_cm3.c 0x00000000   Number         0  core_cm3.o ABSOLUTE
    ..\..\..\Libraries\CMSIS\CM3\DeviceSupport\ST\STM32F10x\startup\arm\startup_stm32f10x_hd.s 0x00000000   Number         0  startup_stm32f10x_hd.o ABSOLUTE
    ..\..\..\Libraries\STM32F10x_StdPeriph_Driver\src\misc.c 0x00000000   Number         0  misc.o ABSOLUTE
    ..\..\..\Libraries\STM32F10x_StdPeriph_Driver\src\stm32f10x_adc.c 0x00000000   Number         0  stm32f10x_adc.o ABSOLUTE
    ..\..\..\Libraries\STM32F10x_StdPeriph_Driver\src\stm32f10x_bkp.c 0x00000000   Number         0  stm32f10x_bkp.o ABSOLUTE
    ..\..\..\Libraries\STM32F10x_StdPeriph_Driver\src\stm32f10x_can.c 0x00000000   Number         0  stm32f10x_can.o ABSOLUTE
    ..\..\..\Libraries\STM32F10x_StdPeriph_Driver\src\stm32f10x_cec.c 0x00000000   Number         0  stm32f10x_cec.o ABSOLUTE
    ..\..\..\Libraries\STM32F10x_StdPeriph_Driver\src\stm32f10x_crc.c 0x00000000   Number         0  stm32f10x_crc.o ABSOLUTE
    ..\..\..\Libraries\STM32F10x_StdPeriph_Driver\src\stm32f10x_dac.c 0x00000000   Number         0  stm32f10x_dac.o ABSOLUTE
    ..\..\..\Libraries\STM32F10x_StdPeriph_Driver\src\stm32f10x_dbgmcu.c 0x00000000   Number         0  stm32f10x_dbgmcu.o ABSOLUTE
    ..\..\..\Libraries\STM32F10x_StdPeriph_Driver\src\stm32f10x_dma.c 0x00000000   Number         0  stm32f10x_dma.o ABSOLUTE
    ..\..\..\Libraries\STM32F10x_StdPeriph_Driver\src\stm32f10x_exti.c 0x00000000   Number         0  stm32f10x_exti.o ABSOLUTE
    ..\..\..\Libraries\STM32F10x_StdPeriph_Driver\src\stm32f10x_flash.c 0x00000000   Number         0  stm32f10x_flash.o ABSOLUTE
    ..\..\..\Libraries\STM32F10x_StdPeriph_Driver\src\stm32f10x_fsmc.c 0x00000000   Number         0  stm32f10x_fsmc.o ABSOLUTE
    ..\..\..\Libraries\STM32F10x_StdPeriph_Driver\src\stm32f10x_gpio.c 0x00000000   Number         0  stm32f10x_gpio.o ABSOLUTE
    ..\..\..\Libraries\STM32F10x_StdPeriph_Driver\src\stm32f10x_i2c.c 0x00000000   Number         0  stm32f10x_i2c.o ABSOLUTE
    ..\..\..\Libraries\STM32F10x_StdPeriph_Driver\src\stm32f10x_iwdg.c 0x00000000   Number         0  stm32f10x_iwdg.o ABSOLUTE
    ..\..\..\Libraries\STM32F10x_StdPeriph_Driver\src\stm32f10x_pwr.c 0x00000000   Number         0  stm32f10x_pwr.o ABSOLUTE
    ..\..\..\Libraries\STM32F10x_StdPeriph_Driver\src\stm32f10x_rcc.c 0x00000000   Number         0  stm32f10x_rcc.o ABSOLUTE
    ..\..\..\Libraries\STM32F10x_StdPeriph_Driver\src\stm32f10x_rtc.c 0x00000000   Number         0  stm32f10x_rtc.o ABSOLUTE
    ..\..\..\Libraries\STM32F10x_StdPeriph_Driver\src\stm32f10x_sdio.c 0x00000000   Number         0  stm32f10x_sdio.o ABSOLUTE
    ..\..\..\Libraries\STM32F10x_StdPeriph_Driver\src\stm32f10x_spi.c 0x00000000   Number         0  stm32f10x_spi.o ABSOLUTE
    ..\..\..\Libraries\STM32F10x_StdPeriph_Driver\src\stm32f10x_tim.c 0x00000000   Number         0  stm32f10x_tim.o ABSOLUTE
    ..\..\..\Libraries\STM32F10x_StdPeriph_Driver\src\stm32f10x_usart.c 0x00000000   Number         0  stm32f10x_usart.o ABSOLUTE
    ..\..\..\Libraries\STM32F10x_StdPeriph_Driver\src\stm32f10x_wwdg.c 0x00000000   Number         0  stm32f10x_wwdg.o ABSOLUTE
    ..\..\..\Utilities\STM32_EVAL\Common\stm32_eval_i2c_tsensor.c 0x00000000   Number         0  stm32_eval_i2c_tsensor.o ABSOLUTE
    ..\..\..\Utilities\STM32_EVAL\Common\stm32_eval_sdio_sd.c 0x00000000   Number         0  stm32_eval_sdio_sd.o ABSOLUTE
    ..\..\..\Utilities\STM32_EVAL\Common\stm32_eval_spi_flash.c 0x00000000   Number         0  stm32_eval_spi_flash.o ABSOLUTE
    ..\..\..\Utilities\STM32_EVAL\STM3210E_EVAL\stm3210e_eval_fsmc_nand.c 0x00000000   Number         0  stm3210e_eval_fsmc_nand.o ABSOLUTE
    ..\..\..\Utilities\STM32_EVAL\STM3210E_EVAL\stm3210e_eval_fsmc_nor.c 0x00000000   Number         0  stm3210e_eval_fsmc_nor.o ABSOLUTE
    ..\..\..\Utilities\STM32_EVAL\STM3210E_EVAL\stm3210e_eval_fsmc_sram.c 0x00000000   Number         0  stm3210e_eval_fsmc_sram.o ABSOLUTE
    ..\..\..\Utilities\STM32_EVAL\STM3210E_EVAL\stm3210e_eval_lcd.c 0x00000000   Number         0  stm3210e_eval_lcd.o ABSOLUTE
    ..\..\..\Utilities\STM32_EVAL\stm32_eval.c 0x00000000   Number         0  stm32_eval.o ABSOLUTE
    ..\\..\\..\\Libraries\\CMSIS\\CM3\\CoreSupport\\core_cm3.c 0x00000000   Number         0  core_cm3.o ABSOLUTE
    ..\at24c16\AT24C02.c                     0x00000000   Number         0  at24c02.o ABSOLUTE
    ..\at24c16\I2C.c                         0x00000000   Number         0  i2c.o ABSOLUTE
    ..\decadriver\deca_device.c              0x00000000   Number         0  deca_device.o ABSOLUTE
    ..\decadriver\deca_params_init.c         0x00000000   Number         0  deca_params_init.o ABSOLUTE
    ..\decadriver\deca_range_tables.c        0x00000000   Number         0  deca_range_tables.o ABSOLUTE
    ..\kalman\kalman.c                       0x00000000   Number         0  kalman.o ABSOLUTE
    ..\kalman\matrix.c                       0x00000000   Number         0  matrix.o ABSOLUTE
    ..\main.c                                0x00000000   Number         0  main.o ABSOLUTE
    ..\platform\deca_mutex.c                 0x00000000   Number         0  deca_mutex.o ABSOLUTE
    ..\platform\deca_sleep.c                 0x00000000   Number         0  deca_sleep.o ABSOLUTE
    ..\platform\deca_spi.c                   0x00000000   Number         0  deca_spi.o ABSOLUTE
    ..\platform\lcd.c                        0x00000000   Number         0  lcd.o ABSOLUTE
    ..\platform\lcd_oled.c                   0x00000000   Number         0  lcd_oled.o ABSOLUTE
    ..\platform\port.c                       0x00000000   Number         0  port.o ABSOLUTE
    ..\stm32f10x_it.c                        0x00000000   Number         0  stm32f10x_it.o ABSOLUTE
    ..\system_stm32f10x.c                    0x00000000   Number         0  system_stm32f10x.o ABSOLUTE
    ..\trilateration\trilateration.c         0x00000000   Number         0  trilateration.o ABSOLUTE
    cdcmple.s                                0x00000000   Number         0  cdcmple.o ABSOLUTE
    cdrcmple.s                               0x00000000   Number         0  cdrcmple.o ABSOLUTE
    cfrcmple.s                               0x00000000   Number         0  cfrcmple.o ABSOLUTE
    dc.s                                     0x00000000   Number         0  dc.o ABSOLUTE
    handlers.s                               0x00000000   Number         0  handlers.o ABSOLUTE
    init.s                                   0x00000000   Number         0  init.o ABSOLUTE
    RESET                                    0x08000000   Section      304  startup_stm32f10x_hd.o(RESET)
    .ARM.Collect$$$$00000000                 0x08000130   Section        0  entry.o(.ARM.Collect$$$$00000000)
    .ARM.Collect$$$$00000001                 0x08000130   Section        4  entry2.o(.ARM.Collect$$$$00000001)
    .ARM.Collect$$$$00000004                 0x08000134   Section        4  entry5.o(.ARM.Collect$$$$00000004)
    .ARM.Collect$$$$00000008                 0x08000138   Section        0  entry7b.o(.ARM.Collect$$$$00000008)
    .ARM.Collect$$$$0000000A                 0x08000138   Section        0  entry8b.o(.ARM.Collect$$$$0000000A)
    .ARM.Collect$$$$0000000B                 0x08000138   Section        8  entry9a.o(.ARM.Collect$$$$0000000B)
    .ARM.Collect$$$$0000000E                 0x08000140   Section        4  entry12b.o(.ARM.Collect$$$$0000000E)
    .ARM.Collect$$$$0000000F                 0x08000144   Section        0  entry10a.o(.ARM.Collect$$$$0000000F)
    .ARM.Collect$$$$00000011                 0x08000144   Section        0  entry11a.o(.ARM.Collect$$$$00000011)
    .ARM.Collect$$$$00002712                 0x08000144   Section        4  entry2.o(.ARM.Collect$$$$00002712)
    __lit__00000000                          0x08000144   Data           4  entry2.o(.ARM.Collect$$$$00002712)
    .text                                    0x08000148   Section       36  startup_stm32f10x_hd.o(.text)
    .text                                    0x0800016c   Section        0  memcmp.o(.text)
    .text                                    0x08000186   Section        0  fdiv.o(.text)
    .text                                    0x08000202   Section        0  dadd.o(.text)
    .text                                    0x08000350   Section        0  dmul.o(.text)
    .text                                    0x08000434   Section        0  ddiv.o(.text)
    .text                                    0x08000512   Section        0  fflti.o(.text)
    .text                                    0x08000524   Section        0  f2d.o(.text)
    .text                                    0x0800054c   Section       48  cdrcmple.o(.text)
    .text                                    0x0800057c   Section        0  uidiv.o(.text)
    .text                                    0x080005a8   Section        0  uldiv.o(.text)
    .text                                    0x0800060a   Section        0  llshl.o(.text)
    .text                                    0x08000628   Section        0  llushr.o(.text)
    .text                                    0x08000648   Section        0  llsshr.o(.text)
    .text                                    0x0800066c   Section        0  iusefp.o(.text)
    .text                                    0x0800066c   Section        0  fepilogue.o(.text)
    .text                                    0x080006da   Section        0  depilogue.o(.text)
    .text                                    0x08000794   Section        0  dfixul.o(.text)
    .text                                    0x080007c4   Section       36  init.o(.text)
    .text                                    0x080007e8   Section        0  __dczerorl2.o(.text)
    i.BusFault_Handler                       0x0800083e   Section        0  stm32f10x_it.o(i.BusFault_Handler)
    i.DebugMon_Handler                       0x08000842   Section        0  stm32f10x_it.o(i.DebugMon_Handler)
    i.GPIO_Configuration                     0x08000844   Section        0  port.o(i.GPIO_Configuration)
    i.GPIO_Init                              0x080008b8   Section        0  stm32f10x_gpio.o(i.GPIO_Init)
    i.GPIO_PinRemapConfig                    0x080009d0   Section        0  stm32f10x_gpio.o(i.GPIO_PinRemapConfig)
    i.GPIO_ResetBits                         0x08000a60   Section        0  stm32f10x_gpio.o(i.GPIO_ResetBits)
    i.GPIO_SetBits                           0x08000a64   Section        0  stm32f10x_gpio.o(i.GPIO_SetBits)
    i.HardFault_Handler                      0x08000a68   Section        0  stm32f10x_it.o(i.HardFault_Handler)
    i.LCD_ClearLines                         0x08000a6c   Section        0  lcd_oled.o(i.LCD_ClearLines)
    i.LED_TEST                               0x08000aac   Section        0  port.o(i.LED_TEST)
    i.MemManage_Handler                      0x08000ada   Section        0  stm32f10x_it.o(i.MemManage_Handler)
    i.NMI_Handler                            0x08000ade   Section        0  stm32f10x_it.o(i.NMI_Handler)
    i.NVIC_SetPriority                       0x08000ae0   Section        0  port.o(i.NVIC_SetPriority)
    NVIC_SetPriority                         0x08000ae1   Thumb Code    32  port.o(i.NVIC_SetPriority)
    i.OLED_Clear                             0x08000b08   Section        0  lcd_oled.o(i.OLED_Clear)
    i.OLED_Init                              0x08000b48   Section        0  lcd_oled.o(i.OLED_Init)
    i.OLED_Set_Pos                           0x08000bd0   Section        0  lcd_oled.o(i.OLED_Set_Pos)
    i.OLED_ShowChar                          0x08000c00   Section        0  lcd_oled.o(i.OLED_ShowChar)
    i.OLED_ShowString                        0x08000c74   Section        0  lcd_oled.o(i.OLED_ShowString)
    i.OLED_WR_Byte                           0x08000cac   Section        0  lcd_oled.o(i.OLED_WR_Byte)
    i.PendSV_Handler                         0x08000d30   Section        0  stm32f10x_it.o(i.PendSV_Handler)
    i.RCC_APB1PeriphClockCmd                 0x08000d34   Section        0  stm32f10x_rcc.o(i.RCC_APB1PeriphClockCmd)
    i.RCC_APB1PeriphResetCmd                 0x08000d54   Section        0  stm32f10x_rcc.o(i.RCC_APB1PeriphResetCmd)
    i.RCC_APB2PeriphClockCmd                 0x08000d74   Section        0  stm32f10x_rcc.o(i.RCC_APB2PeriphClockCmd)
    i.RCC_APB2PeriphResetCmd                 0x08000d94   Section        0  stm32f10x_rcc.o(i.RCC_APB2PeriphResetCmd)
    i.RCC_GetClocksFreq                      0x08000db4   Section        0  stm32f10x_rcc.o(i.RCC_GetClocksFreq)
    i.SPI_ChangeRate                         0x08000e8c   Section        0  port.o(i.SPI_ChangeRate)
    i.SPI_Cmd                                0x08000ea8   Section        0  stm32f10x_spi.o(i.SPI_Cmd)
    i.SPI_Configuration                      0x08000ec0   Section        0  port.o(i.SPI_Configuration)
    i.SPI_I2S_DeInit                         0x08000f74   Section        0  stm32f10x_spi.o(i.SPI_I2S_DeInit)
    i.SPI_I2S_GetFlagStatus                  0x08000fcc   Section        0  stm32f10x_spi.o(i.SPI_I2S_GetFlagStatus)
    i.SPI_Init                               0x08000fde   Section        0  stm32f10x_spi.o(i.SPI_Init)
    i.SPI_SSOutputCmd                        0x0800101a   Section        0  stm32f10x_spi.o(i.SPI_SSOutputCmd)
    i.STM_EVAL_COMInit                       0x08001034   Section        0  stm32_eval.o(i.STM_EVAL_COMInit)
    i.STM_EVAL_LEDOff                        0x080010e8   Section        0  stm32_eval.o(i.STM_EVAL_LEDOff)
    i.STM_EVAL_LEDOn                         0x08001100   Section        0  stm32_eval.o(i.STM_EVAL_LEDOn)
    i.SVC_Handler                            0x08001118   Section        0  stm32f10x_it.o(i.SVC_Handler)
    i.Semaphore_Init                         0x0800111c   Section        0  main.o(i.Semaphore_Init)
    i.SetSysClock                            0x08001134   Section        0  system_stm32f10x.o(i.SetSysClock)
    SetSysClock                              0x08001135   Thumb Code     8  system_stm32f10x.o(i.SetSysClock)
    i.SetSysClockTo72                        0x0800113c   Section        0  system_stm32f10x.o(i.SetSysClockTo72)
    SetSysClockTo72                          0x0800113d   Thumb Code   214  system_stm32f10x.o(i.SetSysClockTo72)
    i.Sum_Tag_Semaphore_request              0x0800121c   Section        0  main.o(i.Sum_Tag_Semaphore_request)
    i.SysTick_Configuration                  0x08001238   Section        0  port.o(i.SysTick_Configuration)
    i.SysTick_Handler                        0x0800128c   Section        0  stm32f10x_it.o(i.SysTick_Handler)
    i.SystemInit                             0x0800129c   Section        0  system_stm32f10x.o(i.SystemInit)
    i.Tag_Measure_Dis                        0x080012fc   Section        0  main.o(i.Tag_Measure_Dis)
    i.USART_ClearFlag                        0x08001590   Section        0  stm32f10x_usart.o(i.USART_ClearFlag)
    i.USART_Cmd                              0x080015a2   Section        0  stm32f10x_usart.o(i.USART_Cmd)
    i.USART_GetFlagStatus                    0x080015ba   Section        0  stm32f10x_usart.o(i.USART_GetFlagStatus)
    i.USART_Init                             0x080015d4   Section        0  stm32f10x_usart.o(i.USART_Init)
    i.USART_SendData                         0x080016ac   Section        0  stm32f10x_usart.o(i.USART_SendData)
    i.UsageFault_Handler                     0x080016b4   Section        0  stm32f10x_it.o(i.UsageFault_Handler)
    i.__0printf                              0x080016b8   Section        0  printfa.o(i.__0printf)
    i.__0sprintf                             0x080016d8   Section        0  printfa.o(i.__0sprintf)
    i.__scatterload_copy                     0x08001700   Section       14  handlers.o(i.__scatterload_copy)
    i.__scatterload_null                     0x0800170e   Section        2  handlers.o(i.__scatterload_null)
    i.__scatterload_zeroinit                 0x08001710   Section       14  handlers.o(i.__scatterload_zeroinit)
    i._dwt_configlde                         0x0800171e   Section        0  deca_device.o(i._dwt_configlde)
    i._dwt_enableclocks                      0x08001756   Section        0  deca_device.o(i._dwt_enableclocks)
    i._dwt_loaducodefromrom                  0x0800183a   Section        0  deca_device.o(i._dwt_loaducodefromrom)
    i._dwt_otpread                           0x0800186e   Section        0  deca_device.o(i._dwt_otpread)
    i._fp_digits                             0x080018bc   Section        0  printfa.o(i._fp_digits)
    _fp_digits                               0x080018bd   Thumb Code   366  printfa.o(i._fp_digits)
    i._printf_core                           0x08001a40   Section        0  printfa.o(i._printf_core)
    _printf_core                             0x08001a41   Thumb Code  1704  printfa.o(i._printf_core)
    i._printf_post_padding                   0x080020f4   Section        0  printfa.o(i._printf_post_padding)
    _printf_post_padding                     0x080020f5   Thumb Code    36  printfa.o(i._printf_post_padding)
    i._printf_pre_padding                    0x08002118   Section        0  printfa.o(i._printf_pre_padding)
    _printf_pre_padding                      0x08002119   Thumb Code    46  printfa.o(i._printf_pre_padding)
    i._sputc                                 0x08002146   Section        0  printfa.o(i._sputc)
    _sputc                                   0x08002147   Thumb Code    10  printfa.o(i._sputc)
    i.compute_angle_send_to_anthor0          0x08002150   Section        0  main.o(i.compute_angle_send_to_anthor0)
    compute_angle_send_to_anthor0            0x08002151   Thumb Code   356  main.o(i.compute_angle_send_to_anthor0)
    i.deca_sleep                             0x080022bc   Section        0  deca_sleep.o(i.deca_sleep)
    i.decamutexoff                           0x080022d4   Section        0  deca_mutex.o(i.decamutexoff)
    i.decamutexon                            0x080022d6   Section        0  deca_mutex.o(i.decamutexon)
    i.distance_mange                         0x080022dc   Section        0  main.o(i.distance_mange)
    distance_mange                           0x080022dd   Thumb Code   386  main.o(i.distance_mange)
    i.dwt_configure                          0x080024c0   Section        0  deca_device.o(i.dwt_configure)
    i.dwt_entersleepaftertx                  0x08002708   Section        0  deca_device.o(i.dwt_entersleepaftertx)
    i.dwt_forcetrxoff                        0x08002730   Section        0  deca_device.o(i.dwt_forcetrxoff)
    i.dwt_initialise                         0x0800278c   Section        0  deca_device.o(i.dwt_initialise)
    i.dwt_read16bitoffsetreg                 0x080028ac   Section        0  deca_device.o(i.dwt_read16bitoffsetreg)
    i.dwt_read32bitoffsetreg                 0x080028d8   Section        0  deca_device.o(i.dwt_read32bitoffsetreg)
    i.dwt_readdevid                          0x08002910   Section        0  deca_device.o(i.dwt_readdevid)
    i.dwt_readfromdevice                     0x0800291c   Section        0  deca_device.o(i.dwt_readfromdevice)
    i.dwt_readrxdata                         0x08002980   Section        0  deca_device.o(i.dwt_readrxdata)
    i.dwt_readrxtimestamp                    0x08002996   Section        0  deca_device.o(i.dwt_readrxtimestamp)
    i.dwt_readtxtimestamp                    0x080029a8   Section        0  deca_device.o(i.dwt_readtxtimestamp)
    i.dwt_rxenable                           0x080029ba   Section        0  deca_device.o(i.dwt_rxenable)
    i.dwt_setdelayedtrxtime                  0x08002a0e   Section        0  deca_device.o(i.dwt_setdelayedtrxtime)
    i.dwt_setleds                            0x08002a1e   Section        0  deca_device.o(i.dwt_setleds)
    i.dwt_setrxaftertxdelay                  0x08002af0   Section        0  deca_device.o(i.dwt_setrxaftertxdelay)
    i.dwt_setrxantennadelay                  0x08002b14   Section        0  deca_device.o(i.dwt_setrxantennadelay)
    i.dwt_setrxtimeout                       0x08002b28   Section        0  deca_device.o(i.dwt_setrxtimeout)
    i.dwt_settxantennadelay                  0x08002b94   Section        0  deca_device.o(i.dwt_settxantennadelay)
    i.dwt_starttx                            0x08002ba4   Section        0  deca_device.o(i.dwt_starttx)
    i.dwt_syncrxbufptrs                      0x08002c40   Section        0  deca_device.o(i.dwt_syncrxbufptrs)
    i.dwt_write16bitoffsetreg                0x08002c78   Section        0  deca_device.o(i.dwt_write16bitoffsetreg)
    i.dwt_write32bitoffsetreg                0x08002c9e   Section        0  deca_device.o(i.dwt_write32bitoffsetreg)
    i.dwt_writetodevice                      0x08002cce   Section        0  deca_device.o(i.dwt_writetodevice)
    i.dwt_writetxdata                        0x08002d36   Section        0  deca_device.o(i.dwt_writetxdata)
    i.dwt_writetxfctrl                       0x08002d5c   Section        0  deca_device.o(i.dwt_writetxfctrl)
    i.dwt_xtaltrim                           0x08002d80   Section        0  deca_device.o(i.dwt_xtaltrim)
    i.filter                                 0x08002db4   Section        0  main.o(i.filter)
    i.final_msg_set_ts                       0x08002e44   Section        0  main.o(i.final_msg_set_ts)
    final_msg_set_ts                         0x08002e45   Thumb Code    26  main.o(i.final_msg_set_ts)
    i.fputc                                  0x08002e60   Section        0  main.o(i.fputc)
    i.get_rx_timestamp_u64                   0x08002e8c   Section        0  main.o(i.get_rx_timestamp_u64)
    get_rx_timestamp_u64                     0x08002e8d   Thumb Code    44  main.o(i.get_rx_timestamp_u64)
    i.get_tx_timestamp_u64                   0x08002eb8   Section        0  main.o(i.get_tx_timestamp_u64)
    get_tx_timestamp_u64                     0x08002eb9   Thumb Code    44  main.o(i.get_tx_timestamp_u64)
    i.led_off                                0x08002ee4   Section        0  port.o(i.led_off)
    i.led_on                                 0x08002f2c   Section        0  port.o(i.led_on)
    i.main                                   0x08002f74   Section        0  main.o(i.main)
    i.peripherals_init                       0x080033ac   Section        0  port.o(i.peripherals_init)
    i.portGetTickCnt                         0x080033e8   Section        0  port.o(i.portGetTickCnt)
    i.readfromspi_serial                     0x080033f4   Section        0  deca_spi.o(i.readfromspi_serial)
    i.reset_DW1000                           0x08003474   Section        0  port.o(i.reset_DW1000)
    i.spi_peripheral_init                    0x080034bc   Section        0  port.o(i.spi_peripheral_init)
    spi_peripheral_init                      0x080034bd   Thumb Code     8  port.o(i.spi_peripheral_init)
    i.spi_set_rate_high                      0x080034c4   Section        0  port.o(i.spi_set_rate_high)
    i.spi_set_rate_low                       0x080034ce   Section        0  port.o(i.spi_set_rate_low)
    i.usartinit                              0x080034d8   Section        0  port.o(i.usartinit)
    i.writetospi_serial                      0x08003530   Section        0  deca_spi.o(i.writetospi_serial)
    .constdata                               0x080035ac   Section      168  stm32_eval.o(.constdata)
    .constdata                               0x08003654   Section     2072  lcd_oled.o(.constdata)
    .constdata                               0x08003e6c   Section      174  deca_params_init.o(.constdata)
    .conststring                             0x08003f1c   Section      274  port.o(.conststring)
    .data                                    0x20000000   Section        4  stm32f10x_it.o(.data)
    .data                                    0x20000008   Section      320  main.o(.data)
    config                                   0x20000008   Data          11  main.o(.data)
    rx_poll_msg                              0x20000013   Data          12  main.o(.data)
    tx_resp_msg                              0x2000001f   Data          15  main.o(.data)
    rx_final_msg                             0x2000002e   Data          24  main.o(.data)
    distance_msg                             0x20000046   Data          15  main.o(.data)
    tx_poll_msg                              0x20000055   Data          12  main.o(.data)
    rx_resp_msg                              0x20000061   Data          15  main.o(.data)
    tx_final_msg                             0x20000070   Data          24  main.o(.data)
    angle_msg                                0x20000088   Data          31  main.o(.data)
    Semaphore_Release                        0x200000a7   Data          13  main.o(.data)
    Tag_Statistics                           0x200000b4   Data          13  main.o(.data)
    Master_Release_Semaphore                 0x200000c1   Data          13  main.o(.data)
    Tag_Statistics_response                  0x200000ce   Data          13  main.o(.data)
    Master_Release_Semaphore_comfirm         0x200000db   Data          13  main.o(.data)
    frame_seq_nb                             0x200000e8   Data           1  main.o(.data)
    frame_seq_nb_semaphore                   0x200000e9   Data           1  main.o(.data)
    status_reg                               0x200000ec   Data           4  main.o(.data)
    poll_rx_ts                               0x200000f0   Data           8  main.o(.data)
    resp_tx_ts                               0x200000f8   Data           8  main.o(.data)
    final_rx_ts                              0x20000100   Data           8  main.o(.data)
    poll_tx_ts                               0x20000108   Data           8  main.o(.data)
    resp_rx_ts                               0x20000110   Data           8  main.o(.data)
    final_tx_ts                              0x20000118   Data           8  main.o(.data)
    tof                                      0x20000120   Data           8  main.o(.data)
    distance                                 0x20000128   Data           8  main.o(.data)
    framenum                                 0x20000144   Data           4  main.o(.data)
    .data                                    0x20000148   Section       20  stm32f10x_rcc.o(.data)
    APBAHBPrescTable                         0x20000148   Data          16  stm32f10x_rcc.o(.data)
    ADCPrescTable                            0x20000158   Data           4  stm32f10x_rcc.o(.data)
    .data                                    0x2000015c   Section       20  system_stm32f10x.o(.data)
    .data                                    0x20000170   Section       72  stm32_eval.o(.data)
    .data                                    0x200001b8   Section      464  lcd_oled.o(.data)
    .data                                    0x20000388   Section        4  stdout.o(.data)
    .bss                                     0x20000390   Section      280  main.o(.bss)
    rx_buffer                                0x20000390   Data          24  main.o(.bss)
    .bss                                     0x200004a8   Section       60  deca_device.o(.bss)
    dw1000local                              0x200004a8   Data          60  deca_device.o(.bss)
    STACK                                    0x200004e8   Section     1536  startup_stm32f10x_hd.o(STACK)

    Global Symbols

    Symbol Name                              Value     Ov Type        Size  Object(Section)

    BuildAttributes$$THM_ISAv4$P$D$K$B$S$PE$A:L22UL41UL21$X:L11$S22US41US21$IEEE1$IW$USESV6$~STKCKD$USESV7$~SHL$OTIME$ROPI$IEEEX$EBA8$MICROLIB$REQ8$PRES8$EABIv2 0x00000000   Number         0  anon$$obj.o ABSOLUTE
    __ARM_use_no_argv                        0x00000000   Number         0  main.o ABSOLUTE
    _printf_a                                0x00000000   Number         0  stubs.o ABSOLUTE
    _printf_c                                0x00000000   Number         0  stubs.o ABSOLUTE
    _printf_charcount                        0x00000000   Number         0  stubs.o ABSOLUTE
    _printf_d                                0x00000000   Number         0  stubs.o ABSOLUTE
    _printf_e                                0x00000000   Number         0  stubs.o ABSOLUTE
    _printf_f                                0x00000000   Number         0  stubs.o ABSOLUTE
    _printf_flags                            0x00000000   Number         0  stubs.o ABSOLUTE
    _printf_fp_dec                           0x00000000   Number         0  stubs.o ABSOLUTE
    _printf_fp_hex                           0x00000000   Number         0  stubs.o ABSOLUTE
    _printf_g                                0x00000000   Number         0  stubs.o ABSOLUTE
    _printf_i                                0x00000000   Number         0  stubs.o ABSOLUTE
    _printf_int_dec                          0x00000000   Number         0  stubs.o ABSOLUTE
    _printf_l                                0x00000000   Number         0  stubs.o ABSOLUTE
    _printf_lc                               0x00000000   Number         0  stubs.o ABSOLUTE
    _printf_ll                               0x00000000   Number         0  stubs.o ABSOLUTE
    _printf_lld                              0x00000000   Number         0  stubs.o ABSOLUTE
    _printf_lli                              0x00000000   Number         0  stubs.o ABSOLUTE
    _printf_llo                              0x00000000   Number         0  stubs.o ABSOLUTE
    _printf_llu                              0x00000000   Number         0  stubs.o ABSOLUTE
    _printf_llx                              0x00000000   Number         0  stubs.o ABSOLUTE
    _printf_longlong_dec                     0x00000000   Number         0  stubs.o ABSOLUTE
    _printf_longlong_hex                     0x00000000   Number         0  stubs.o ABSOLUTE
    _printf_longlong_oct                     0x00000000   Number         0  stubs.o ABSOLUTE
    _printf_ls                               0x00000000   Number         0  stubs.o ABSOLUTE
    _printf_mbtowc                           0x00000000   Number         0  stubs.o ABSOLUTE
    _printf_n                                0x00000000   Number         0  stubs.o ABSOLUTE
    _printf_o                                0x00000000   Number         0  stubs.o ABSOLUTE
    _printf_p                                0x00000000   Number         0  stubs.o ABSOLUTE
    _printf_percent                          0x00000000   Number         0  stubs.o ABSOLUTE
    _printf_pre_padding                      0x00000000   Number         0  stubs.o ABSOLUTE
    _printf_return_value                     0x00000000   Number         0  stubs.o ABSOLUTE
    _printf_s                                0x00000000   Number         0  stubs.o ABSOLUTE
    _printf_sizespec                         0x00000000   Number         0  stubs.o ABSOLUTE
    _printf_str                              0x00000000   Number         0  stubs.o ABSOLUTE
    _printf_truncate_signed                  0x00000000   Number         0  stubs.o ABSOLUTE
    _printf_truncate_unsigned                0x00000000   Number         0  stubs.o ABSOLUTE
    _printf_u                                0x00000000   Number         0  stubs.o ABSOLUTE
    _printf_wc                               0x00000000   Number         0  stubs.o ABSOLUTE
    _printf_wctomb                           0x00000000   Number         0  stubs.o ABSOLUTE
    _printf_widthprec                        0x00000000   Number         0  stubs.o ABSOLUTE
    _printf_x                                0x00000000   Number         0  stubs.o ABSOLUTE
    __arm_fini_                               - Undefined Weak Reference
    __cpp_initialize__aeabi_                  - Undefined Weak Reference
    __cxa_finalize                            - Undefined Weak Reference
    _clock_init                               - Undefined Weak Reference
    _microlib_exit                            - Undefined Weak Reference
    __Vectors_Size                           0x00000130   Number         0  startup_stm32f10x_hd.o ABSOLUTE
    __Vectors                                0x08000000   Data           4  startup_stm32f10x_hd.o(RESET)
    __Vectors_End                            0x08000130   Data           0  startup_stm32f10x_hd.o(RESET)
    __main                                   0x08000131   Thumb Code     0  entry.o(.ARM.Collect$$$$00000000)
    _main_stk                                0x08000131   Thumb Code     0  entry2.o(.ARM.Collect$$$$00000001)
    _main_scatterload                        0x08000135   Thumb Code     0  entry5.o(.ARM.Collect$$$$00000004)
    __main_after_scatterload                 0x08000139   Thumb Code     0  entry5.o(.ARM.Collect$$$$00000004)
    _main_clock                              0x08000139   Thumb Code     0  entry7b.o(.ARM.Collect$$$$00000008)
    _main_cpp_init                           0x08000139   Thumb Code     0  entry8b.o(.ARM.Collect$$$$0000000A)
    _main_init                               0x08000139   Thumb Code     0  entry9a.o(.ARM.Collect$$$$0000000B)
    __rt_lib_shutdown_fini                   0x08000141   Thumb Code     0  entry12b.o(.ARM.Collect$$$$0000000E)
    __rt_final_cpp                           0x08000145   Thumb Code     0  entry10a.o(.ARM.Collect$$$$0000000F)
    __rt_final_exit                          0x08000145   Thumb Code     0  entry11a.o(.ARM.Collect$$$$00000011)
    Reset_Handler                            0x08000149   Thumb Code     8  startup_stm32f10x_hd.o(.text)
    ADC1_2_IRQHandler                        0x08000163   Thumb Code     0  startup_stm32f10x_hd.o(.text)
    ADC3_IRQHandler                          0x08000163   Thumb Code     0  startup_stm32f10x_hd.o(.text)
    CAN1_RX1_IRQHandler                      0x08000163   Thumb Code     0  startup_stm32f10x_hd.o(.text)
    CAN1_SCE_IRQHandler                      0x08000163   Thumb Code     0  startup_stm32f10x_hd.o(.text)
    DMA1_Channel1_IRQHandler                 0x08000163   Thumb Code     0  startup_stm32f10x_hd.o(.text)
    DMA1_Channel2_IRQHandler                 0x08000163   Thumb Code     0  startup_stm32f10x_hd.o(.text)
    DMA1_Channel3_IRQHandler                 0x08000163   Thumb Code     0  startup_stm32f10x_hd.o(.text)
    DMA1_Channel4_IRQHandler                 0x08000163   Thumb Code     0  startup_stm32f10x_hd.o(.text)
    DMA1_Channel5_IRQHandler                 0x08000163   Thumb Code     0  startup_stm32f10x_hd.o(.text)
    DMA1_Channel6_IRQHandler                 0x08000163   Thumb Code     0  startup_stm32f10x_hd.o(.text)
    DMA1_Channel7_IRQHandler                 0x08000163   Thumb Code     0  startup_stm32f10x_hd.o(.text)
    DMA2_Channel1_IRQHandler                 0x08000163   Thumb Code     0  startup_stm32f10x_hd.o(.text)
    DMA2_Channel2_IRQHandler                 0x08000163   Thumb Code     0  startup_stm32f10x_hd.o(.text)
    DMA2_Channel3_IRQHandler                 0x08000163   Thumb Code     0  startup_stm32f10x_hd.o(.text)
    DMA2_Channel4_5_IRQHandler               0x08000163   Thumb Code     0  startup_stm32f10x_hd.o(.text)
    EXTI0_IRQHandler                         0x08000163   Thumb Code     0  startup_stm32f10x_hd.o(.text)
    EXTI15_10_IRQHandler                     0x08000163   Thumb Code     0  startup_stm32f10x_hd.o(.text)
    EXTI1_IRQHandler                         0x08000163   Thumb Code     0  startup_stm32f10x_hd.o(.text)
    EXTI2_IRQHandler                         0x08000163   Thumb Code     0  startup_stm32f10x_hd.o(.text)
    EXTI3_IRQHandler                         0x08000163   Thumb Code     0  startup_stm32f10x_hd.o(.text)
    EXTI4_IRQHandler                         0x08000163   Thumb Code     0  startup_stm32f10x_hd.o(.text)
    EXTI9_5_IRQHandler                       0x08000163   Thumb Code     0  startup_stm32f10x_hd.o(.text)
    FLASH_IRQHandler                         0x08000163   Thumb Code     0  startup_stm32f10x_hd.o(.text)
    FSMC_IRQHandler                          0x08000163   Thumb Code     0  startup_stm32f10x_hd.o(.text)
    I2C1_ER_IRQHandler                       0x08000163   Thumb Code     0  startup_stm32f10x_hd.o(.text)
    I2C1_EV_IRQHandler                       0x08000163   Thumb Code     0  startup_stm32f10x_hd.o(.text)
    I2C2_ER_IRQHandler                       0x08000163   Thumb Code     0  startup_stm32f10x_hd.o(.text)
    I2C2_EV_IRQHandler                       0x08000163   Thumb Code     0  startup_stm32f10x_hd.o(.text)
    PVD_IRQHandler                           0x08000163   Thumb Code     0  startup_stm32f10x_hd.o(.text)
    RCC_IRQHandler                           0x08000163   Thumb Code     0  startup_stm32f10x_hd.o(.text)
    RTCAlarm_IRQHandler                      0x08000163   Thumb Code     0  startup_stm32f10x_hd.o(.text)
    RTC_IRQHandler                           0x08000163   Thumb Code     0  startup_stm32f10x_hd.o(.text)
    SDIO_IRQHandler                          0x08000163   Thumb Code     0  startup_stm32f10x_hd.o(.text)
    SPI1_IRQHandler                          0x08000163   Thumb Code     0  startup_stm32f10x_hd.o(.text)
    SPI2_IRQHandler                          0x08000163   Thumb Code     0  startup_stm32f10x_hd.o(.text)
    SPI3_IRQHandler                          0x08000163   Thumb Code     0  startup_stm32f10x_hd.o(.text)
    TAMPER_IRQHandler                        0x08000163   Thumb Code     0  startup_stm32f10x_hd.o(.text)
    TIM1_BRK_IRQHandler                      0x08000163   Thumb Code     0  startup_stm32f10x_hd.o(.text)
    TIM1_CC_IRQHandler                       0x08000163   Thumb Code     0  startup_stm32f10x_hd.o(.text)
    TIM1_TRG_COM_IRQHandler                  0x08000163   Thumb Code     0  startup_stm32f10x_hd.o(.text)
    TIM1_UP_IRQHandler                       0x08000163   Thumb Code     0  startup_stm32f10x_hd.o(.text)
    TIM2_IRQHandler                          0x08000163   Thumb Code     0  startup_stm32f10x_hd.o(.text)
    TIM3_IRQHandler                          0x08000163   Thumb Code     0  startup_stm32f10x_hd.o(.text)
    TIM4_IRQHandler                          0x08000163   Thumb Code     0  startup_stm32f10x_hd.o(.text)
    TIM5_IRQHandler                          0x08000163   Thumb Code     0  startup_stm32f10x_hd.o(.text)
    TIM6_IRQHandler                          0x08000163   Thumb Code     0  startup_stm32f10x_hd.o(.text)
    TIM7_IRQHandler                          0x08000163   Thumb Code     0  startup_stm32f10x_hd.o(.text)
    TIM8_BRK_IRQHandler                      0x08000163   Thumb Code     0  startup_stm32f10x_hd.o(.text)
    TIM8_CC_IRQHandler                       0x08000163   Thumb Code     0  startup_stm32f10x_hd.o(.text)
    TIM8_TRG_COM_IRQHandler                  0x08000163   Thumb Code     0  startup_stm32f10x_hd.o(.text)
    TIM8_UP_IRQHandler                       0x08000163   Thumb Code     0  startup_stm32f10x_hd.o(.text)
    UART4_IRQHandler                         0x08000163   Thumb Code     0  startup_stm32f10x_hd.o(.text)
    UART5_IRQHandler                         0x08000163   Thumb Code     0  startup_stm32f10x_hd.o(.text)
    USART1_IRQHandler                        0x08000163   Thumb Code     0  startup_stm32f10x_hd.o(.text)
    USART2_IRQHandler                        0x08000163   Thumb Code     0  startup_stm32f10x_hd.o(.text)
    USART3_IRQHandler                        0x08000163   Thumb Code     0  startup_stm32f10x_hd.o(.text)
    USBWakeUp_IRQHandler                     0x08000163   Thumb Code     0  startup_stm32f10x_hd.o(.text)
    USB_HP_CAN1_TX_IRQHandler                0x08000163   Thumb Code     0  startup_stm32f10x_hd.o(.text)
    USB_LP_CAN1_RX0_IRQHandler               0x08000163   Thumb Code     0  startup_stm32f10x_hd.o(.text)
    WWDG_IRQHandler                          0x08000163   Thumb Code     0  startup_stm32f10x_hd.o(.text)
    memcmp                                   0x0800016d   Thumb Code    26  memcmp.o(.text)
    __aeabi_fdiv                             0x08000187   Thumb Code   124  fdiv.o(.text)
    __aeabi_dadd                             0x08000203   Thumb Code   322  dadd.o(.text)
    __aeabi_dsub                             0x08000345   Thumb Code     6  dadd.o(.text)
    __aeabi_drsub                            0x0800034b   Thumb Code     6  dadd.o(.text)
    __aeabi_dmul                             0x08000351   Thumb Code   228  dmul.o(.text)
    __aeabi_ddiv                             0x08000435   Thumb Code   222  ddiv.o(.text)
    __aeabi_i2f                              0x08000513   Thumb Code    18  fflti.o(.text)
    __aeabi_f2d                              0x08000525   Thumb Code    38  f2d.o(.text)
    __aeabi_cdrcmple                         0x0800054d   Thumb Code    48  cdrcmple.o(.text)
    __aeabi_uidiv                            0x0800057d   Thumb Code     0  uidiv.o(.text)
    __aeabi_uidivmod                         0x0800057d   Thumb Code    44  uidiv.o(.text)
    __aeabi_uldivmod                         0x080005a9   Thumb Code    98  uldiv.o(.text)
    __aeabi_llsl                             0x0800060b   Thumb Code    30  llshl.o(.text)
    _ll_shift_l                              0x0800060b   Thumb Code     0  llshl.o(.text)
    __aeabi_llsr                             0x08000629   Thumb Code    32  llushr.o(.text)
    _ll_ushift_r                             0x08000629   Thumb Code     0  llushr.o(.text)
    __aeabi_lasr                             0x08000649   Thumb Code    36  llsshr.o(.text)
    _ll_sshift_r                             0x08000649   Thumb Code     0  llsshr.o(.text)
    __I$use$fp                               0x0800066d   Thumb Code     0  iusefp.o(.text)
    _float_round                             0x0800066d   Thumb Code    18  fepilogue.o(.text)
    _float_epilogue                          0x0800067f   Thumb Code    92  fepilogue.o(.text)
    _double_round                            0x080006db   Thumb Code    30  depilogue.o(.text)
    _double_epilogue                         0x080006f9   Thumb Code   156  depilogue.o(.text)
    __aeabi_d2ulz                            0x08000795   Thumb Code    48  dfixul.o(.text)
    __scatterload                            0x080007c5   Thumb Code    28  init.o(.text)
    __scatterload_rt2                        0x080007c5   Thumb Code     0  init.o(.text)
    __decompress                             0x080007e9   Thumb Code     0  __dczerorl2.o(.text)
    __decompress1                            0x080007e9   Thumb Code    86  __dczerorl2.o(.text)
    BusFault_Handler                         0x0800083f   Thumb Code     4  stm32f10x_it.o(i.BusFault_Handler)
    DebugMon_Handler                         0x08000843   Thumb Code     2  stm32f10x_it.o(i.DebugMon_Handler)
    GPIO_Configuration                       0x08000845   Thumb Code    94  port.o(i.GPIO_Configuration)
    GPIO_Init                                0x080008b9   Thumb Code   278  stm32f10x_gpio.o(i.GPIO_Init)
    GPIO_PinRemapConfig                      0x080009d1   Thumb Code   138  stm32f10x_gpio.o(i.GPIO_PinRemapConfig)
    GPIO_ResetBits                           0x08000a61   Thumb Code     4  stm32f10x_gpio.o(i.GPIO_ResetBits)
    GPIO_SetBits                             0x08000a65   Thumb Code     4  stm32f10x_gpio.o(i.GPIO_SetBits)
    HardFault_Handler                        0x08000a69   Thumb Code     4  stm32f10x_it.o(i.HardFault_Handler)
    LCD_ClearLines                           0x08000a6d   Thumb Code    64  lcd_oled.o(i.LCD_ClearLines)
    LED_TEST                                 0x08000aad   Thumb Code    46  port.o(i.LED_TEST)
    MemManage_Handler                        0x08000adb   Thumb Code     4  stm32f10x_it.o(i.MemManage_Handler)
    NMI_Handler                              0x08000adf   Thumb Code     2  stm32f10x_it.o(i.NMI_Handler)
    OLED_Clear                               0x08000b09   Thumb Code    64  lcd_oled.o(i.OLED_Clear)
    OLED_Init                                0x08000b49   Thumb Code   126  lcd_oled.o(i.OLED_Init)
    OLED_Set_Pos                             0x08000bd1   Thumb Code    46  lcd_oled.o(i.OLED_Set_Pos)
    OLED_ShowChar                            0x08000c01   Thumb Code   110  lcd_oled.o(i.OLED_ShowChar)
    OLED_ShowString                          0x08000c75   Thumb Code    54  lcd_oled.o(i.OLED_ShowString)
    OLED_WR_Byte                             0x08000cad   Thumb Code   126  lcd_oled.o(i.OLED_WR_Byte)
    PendSV_Handler                           0x08000d31   Thumb Code     2  stm32f10x_it.o(i.PendSV_Handler)
    RCC_APB1PeriphClockCmd                   0x08000d35   Thumb Code    26  stm32f10x_rcc.o(i.RCC_APB1PeriphClockCmd)
    RCC_APB1PeriphResetCmd                   0x08000d55   Thumb Code    26  stm32f10x_rcc.o(i.RCC_APB1PeriphResetCmd)
    RCC_APB2PeriphClockCmd                   0x08000d75   Thumb Code    26  stm32f10x_rcc.o(i.RCC_APB2PeriphClockCmd)
    RCC_APB2PeriphResetCmd                   0x08000d95   Thumb Code    26  stm32f10x_rcc.o(i.RCC_APB2PeriphResetCmd)
    RCC_GetClocksFreq                        0x08000db5   Thumb Code   192  stm32f10x_rcc.o(i.RCC_GetClocksFreq)
    SPI_ChangeRate                           0x08000e8d   Thumb Code    22  port.o(i.SPI_ChangeRate)
    SPI_Cmd                                  0x08000ea9   Thumb Code    24  stm32f10x_spi.o(i.SPI_Cmd)
    SPI_Configuration                        0x08000ec1   Thumb Code   172  port.o(i.SPI_Configuration)
    SPI_I2S_DeInit                           0x08000f75   Thumb Code    76  stm32f10x_spi.o(i.SPI_I2S_DeInit)
    SPI_I2S_GetFlagStatus                    0x08000fcd   Thumb Code    18  stm32f10x_spi.o(i.SPI_I2S_GetFlagStatus)
    SPI_Init                                 0x08000fdf   Thumb Code    60  stm32f10x_spi.o(i.SPI_Init)
    SPI_SSOutputCmd                          0x0800101b   Thumb Code    24  stm32f10x_spi.o(i.SPI_SSOutputCmd)
    STM_EVAL_COMInit                         0x08001035   Thumb Code   146  stm32_eval.o(i.STM_EVAL_COMInit)
    STM_EVAL_LEDOff                          0x080010e9   Thumb Code    16  stm32_eval.o(i.STM_EVAL_LEDOff)
    STM_EVAL_LEDOn                           0x08001101   Thumb Code    16  stm32_eval.o(i.STM_EVAL_LEDOn)
    SVC_Handler                              0x08001119   Thumb Code     2  stm32f10x_it.o(i.SVC_Handler)
    Semaphore_Init                           0x0800111d   Thumb Code    20  main.o(i.Semaphore_Init)
    Sum_Tag_Semaphore_request                0x0800121d   Thumb Code    22  main.o(i.Sum_Tag_Semaphore_request)
    SysTick_Configuration                    0x08001239   Thumb Code    78  port.o(i.SysTick_Configuration)
    SysTick_Handler                          0x0800128d   Thumb Code    12  stm32f10x_it.o(i.SysTick_Handler)
    SystemInit                               0x0800129d   Thumb Code    78  system_stm32f10x.o(i.SystemInit)
    Tag_Measure_Dis                          0x080012fd   Thumb Code   598  main.o(i.Tag_Measure_Dis)
    USART_ClearFlag                          0x08001591   Thumb Code    18  stm32f10x_usart.o(i.USART_ClearFlag)
    USART_Cmd                                0x080015a3   Thumb Code    24  stm32f10x_usart.o(i.USART_Cmd)
    USART_GetFlagStatus                      0x080015bb   Thumb Code    26  stm32f10x_usart.o(i.USART_GetFlagStatus)
    USART_Init                               0x080015d5   Thumb Code   210  stm32f10x_usart.o(i.USART_Init)
    USART_SendData                           0x080016ad   Thumb Code     8  stm32f10x_usart.o(i.USART_SendData)
    UsageFault_Handler                       0x080016b5   Thumb Code     4  stm32f10x_it.o(i.UsageFault_Handler)
    __0printf                                0x080016b9   Thumb Code    22  printfa.o(i.__0printf)
    __1printf                                0x080016b9   Thumb Code     0  printfa.o(i.__0printf)
    __2printf                                0x080016b9   Thumb Code     0  printfa.o(i.__0printf)
    __c89printf                              0x080016b9   Thumb Code     0  printfa.o(i.__0printf)
    printf                                   0x080016b9   Thumb Code     0  printfa.o(i.__0printf)
    __0sprintf                               0x080016d9   Thumb Code    34  printfa.o(i.__0sprintf)
    __1sprintf                               0x080016d9   Thumb Code     0  printfa.o(i.__0sprintf)
    __2sprintf                               0x080016d9   Thumb Code     0  printfa.o(i.__0sprintf)
    __c89sprintf                             0x080016d9   Thumb Code     0  printfa.o(i.__0sprintf)
    sprintf                                  0x080016d9   Thumb Code     0  printfa.o(i.__0sprintf)
    __scatterload_copy                       0x08001701   Thumb Code    14  handlers.o(i.__scatterload_copy)
    __scatterload_null                       0x0800170f   Thumb Code     2  handlers.o(i.__scatterload_null)
    __scatterload_zeroinit                   0x08001711   Thumb Code    14  handlers.o(i.__scatterload_zeroinit)
    _dwt_configlde                           0x0800171f   Thumb Code    56  deca_device.o(i._dwt_configlde)
    _dwt_enableclocks                        0x08001757   Thumb Code   228  deca_device.o(i._dwt_enableclocks)
    _dwt_loaducodefromrom                    0x0800183b   Thumb Code    52  deca_device.o(i._dwt_loaducodefromrom)
    _dwt_otpread                             0x0800186f   Thumb Code    78  deca_device.o(i._dwt_otpread)
    deca_sleep                               0x080022bd   Thumb Code    24  deca_sleep.o(i.deca_sleep)
    decamutexoff                             0x080022d5   Thumb Code     2  deca_mutex.o(i.decamutexoff)
    decamutexon                              0x080022d7   Thumb Code     4  deca_mutex.o(i.decamutexon)
    dwt_configure                            0x080024c1   Thumb Code   540  deca_device.o(i.dwt_configure)
    dwt_entersleepaftertx                    0x08002709   Thumb Code    38  deca_device.o(i.dwt_entersleepaftertx)
    dwt_forcetrxoff                          0x08002731   Thumb Code    84  deca_device.o(i.dwt_forcetrxoff)
    dwt_initialise                           0x0800278d   Thumb Code   276  deca_device.o(i.dwt_initialise)
    dwt_read16bitoffsetreg                   0x080028ad   Thumb Code    44  deca_device.o(i.dwt_read16bitoffsetreg)
    dwt_read32bitoffsetreg                   0x080028d9   Thumb Code    56  deca_device.o(i.dwt_read32bitoffsetreg)
    dwt_readdevid                            0x08002911   Thumb Code    12  deca_device.o(i.dwt_readdevid)
    dwt_readfromdevice                       0x0800291d   Thumb Code   100  deca_device.o(i.dwt_readfromdevice)
    dwt_readrxdata                           0x08002981   Thumb Code    22  deca_device.o(i.dwt_readrxdata)
    dwt_readrxtimestamp                      0x08002997   Thumb Code    18  deca_device.o(i.dwt_readrxtimestamp)
    dwt_readtxtimestamp                      0x080029a9   Thumb Code    18  deca_device.o(i.dwt_readtxtimestamp)
    dwt_rxenable                             0x080029bb   Thumb Code    84  deca_device.o(i.dwt_rxenable)
    dwt_setdelayedtrxtime                    0x08002a0f   Thumb Code    16  deca_device.o(i.dwt_setdelayedtrxtime)
    dwt_setleds                              0x08002a1f   Thumb Code   210  deca_device.o(i.dwt_setleds)
    dwt_setrxaftertxdelay                    0x08002af1   Thumb Code    36  deca_device.o(i.dwt_setrxaftertxdelay)
    dwt_setrxantennadelay                    0x08002b15   Thumb Code    18  deca_device.o(i.dwt_setrxantennadelay)
    dwt_setrxtimeout                         0x08002b29   Thumb Code   102  deca_device.o(i.dwt_setrxtimeout)
    dwt_settxantennadelay                    0x08002b95   Thumb Code    16  deca_device.o(i.dwt_settxantennadelay)
    dwt_starttx                              0x08002ba5   Thumb Code   150  deca_device.o(i.dwt_starttx)
    dwt_syncrxbufptrs                        0x08002c41   Thumb Code    56  deca_device.o(i.dwt_syncrxbufptrs)
    dwt_write16bitoffsetreg                  0x08002c79   Thumb Code    38  deca_device.o(i.dwt_write16bitoffsetreg)
    dwt_write32bitoffsetreg                  0x08002c9f   Thumb Code    48  deca_device.o(i.dwt_write32bitoffsetreg)
    dwt_writetodevice                        0x08002ccf   Thumb Code   104  deca_device.o(i.dwt_writetodevice)
    dwt_writetxdata                          0x08002d37   Thumb Code    38  deca_device.o(i.dwt_writetxdata)
    dwt_writetxfctrl                         0x08002d5d   Thumb Code    30  deca_device.o(i.dwt_writetxfctrl)
    dwt_xtaltrim                             0x08002d81   Thumb Code    52  deca_device.o(i.dwt_xtaltrim)
    filter                                   0x08002db5   Thumb Code   134  main.o(i.filter)
    fputc                                    0x08002e61   Thumb Code    40  main.o(i.fputc)
    led_off                                  0x08002ee5   Thumb Code    66  port.o(i.led_off)
    led_on                                   0x08002f2d   Thumb Code    66  port.o(i.led_on)
    main                                     0x08002f75   Thumb Code   874  main.o(i.main)
    peripherals_init                         0x080033ad   Thumb Code    56  port.o(i.peripherals_init)
    portGetTickCnt                           0x080033e9   Thumb Code     6  port.o(i.portGetTickCnt)
    readfromspi_serial                       0x080033f5   Thumb Code   118  deca_spi.o(i.readfromspi_serial)
    reset_DW1000                             0x08003475   Thumb Code    68  port.o(i.reset_DW1000)
    spi_set_rate_high                        0x080034c5   Thumb Code    10  port.o(i.spi_set_rate_high)
    spi_set_rate_low                         0x080034cf   Thumb Code    10  port.o(i.spi_set_rate_low)
    usartinit                                0x080034d9   Thumb Code    72  port.o(i.usartinit)
    writetospi_serial                        0x08003531   Thumb Code   116  deca_spi.o(i.writetospi_serial)
    GPIO_PIN                                 0x080035ac   Data           8  stm32_eval.o(.constdata)
    GPIO_CLK                                 0x080035b4   Data          16  stm32_eval.o(.constdata)
    BUTTON_PIN                               0x080035c4   Data          16  stm32_eval.o(.constdata)
    BUTTON_CLK                               0x080035d4   Data          32  stm32_eval.o(.constdata)
    BUTTON_EXTI_LINE                         0x080035f4   Data          16  stm32_eval.o(.constdata)
    BUTTON_PORT_SOURCE                       0x08003604   Data          16  stm32_eval.o(.constdata)
    BUTTON_PIN_SOURCE                        0x08003614   Data          16  stm32_eval.o(.constdata)
    BUTTON_IRQn                              0x08003624   Data          16  stm32_eval.o(.constdata)
    COM_USART_CLK                            0x08003634   Data           8  stm32_eval.o(.constdata)
    COM_TX_PORT_CLK                          0x0800363c   Data           8  stm32_eval.o(.constdata)
    COM_RX_PORT_CLK                          0x08003644   Data           8  stm32_eval.o(.constdata)
    COM_TX_PIN                               0x0800364c   Data           4  stm32_eval.o(.constdata)
    COM_RX_PIN                               0x08003650   Data           4  stm32_eval.o(.constdata)
    F6x8                                     0x08003654   Data         552  lcd_oled.o(.constdata)
    F8X16                                    0x0800387c   Data        1520  lcd_oled.o(.constdata)
    chan_idx                                 0x08003e6c   Data           8  deca_params_init.o(.constdata)
    tx_config                                0x08003e74   Data          24  deca_params_init.o(.constdata)
    pll2_config                              0x08003e8c   Data          30  deca_params_init.o(.constdata)
    rx_config                                0x08003eaa   Data           2  deca_params_init.o(.constdata)
    agc_config                               0x08003eac   Data           8  deca_params_init.o(.constdata)
    dwnsSFDlen                               0x08003eb4   Data           3  deca_params_init.o(.constdata)
    sftsh                                    0x08003eb8   Data          12  deca_params_init.o(.constdata)
    dtune1                                   0x08003ec4   Data           4  deca_params_init.o(.constdata)
    digital_bb_config                        0x08003ec8   Data          32  deca_params_init.o(.constdata)
    lde_replicaCoeff                         0x08003ee8   Data          50  deca_params_init.o(.constdata)
    Region$$Table$$Base                      0x08004030   Number         0  anon$$obj.o(Region$$Table)
    Region$$Table$$Limit                     0x08004050   Number         0  anon$$obj.o(Region$$Table)
    time32_incr                              0x20000000   Data           4  stm32f10x_it.o(.data)
    Semaphore                                0x20000130   Data           2  main.o(.data)
    final_distance                           0x20000138   Data           8  main.o(.data)
    first_distance                           0x20000140   Data           4  main.o(.data)
    SystemCoreClock                          0x2000015c   Data           4  system_stm32f10x.o(.data)
    AHBPrescTable                            0x20000160   Data          16  system_stm32f10x.o(.data)
    GPIO_PORT                                0x20000170   Data          16  stm32_eval.o(.data)
    BUTTON_PORT                              0x20000180   Data          32  stm32_eval.o(.data)
    COM_USART                                0x200001a0   Data           8  stm32_eval.o(.data)
    COM_TX_PORT                              0x200001a8   Data           8  stm32_eval.o(.data)
    COM_RX_PORT                              0x200001b0   Data           8  stm32_eval.o(.data)
    Hzk                                      0x200001b8   Data         448  lcd_oled.o(.data)
    IIc_flag                                 0x20000378   Data           4  lcd_oled.o(.data)
    InitCmd                                  0x2000037c   Data          12  lcd_oled.o(.data)
    __stdout                                 0x20000388   Data           4  stdout.o(.data)
    dist_str                                 0x200003a8   Data          16  main.o(.bss)
    AnchorList                               0x200003b8   Data          72  main.o(.bss)
    tag_best_solution                        0x20000400   Data          24  main.o(.bss)
    Anthordistance                           0x20000418   Data          12  main.o(.bss)
    Anthordistance_count                     0x20000424   Data          12  main.o(.bss)
    Value_Buf                                0x20000430   Data         100  main.o(.bss)
    filter_index                             0x20000494   Data          20  main.o(.bss)
    __initial_sp                             0x20000ae8   Data           0  startup_stm32f10x_hd.o(STACK)



==============================================================================

Memory Map of the image

  Image Entry point : 0x08000131

  Load Region LR_IROM1 (Base: 0x08000000, Size: 0x000043dc, Max: 0x00010000, ABSOLUTE, COMPRESSED[0x0000418c])

    Execution Region ER_IROM1 (Exec base: 0x08000000, Load base: 0x08000000, Size: 0x00004050, Max: 0x00010000, ABSOLUTE)

    Exec Addr    Load Addr    Size         Type   Attr      Idx    E Section Name        Object

    0x08000000   0x08000000   0x00000130   Data   RO         4366    RESET               startup_stm32f10x_hd.o
    0x08000130   0x08000130   0x00000000   Code   RO         5652  * .ARM.Collect$$$$00000000  mc_w.l(entry.o)
    0x08000130   0x08000130   0x00000004   Code   RO         5979    .ARM.Collect$$$$00000001  mc_w.l(entry2.o)
    0x08000134   0x08000134   0x00000004   Code   RO         5982    .ARM.Collect$$$$00000004  mc_w.l(entry5.o)
    0x08000138   0x08000138   0x00000000   Code   RO         5984    .ARM.Collect$$$$00000008  mc_w.l(entry7b.o)
    0x08000138   0x08000138   0x00000000   Code   RO         5986    .ARM.Collect$$$$0000000A  mc_w.l(entry8b.o)
    0x08000138   0x08000138   0x00000008   Code   RO         5987    .ARM.Collect$$$$0000000B  mc_w.l(entry9a.o)
    0x08000140   0x08000140   0x00000004   Code   RO         5994    .ARM.Collect$$$$0000000E  mc_w.l(entry12b.o)
    0x08000144   0x08000144   0x00000000   Code   RO         5989    .ARM.Collect$$$$0000000F  mc_w.l(entry10a.o)
    0x08000144   0x08000144   0x00000000   Code   RO         5991    .ARM.Collect$$$$00000011  mc_w.l(entry11a.o)
    0x08000144   0x08000144   0x00000004   Code   RO         5980    .ARM.Collect$$$$00002712  mc_w.l(entry2.o)
    0x08000148   0x08000148   0x00000024   Code   RO         4367    .text               startup_stm32f10x_hd.o
    0x0800016c   0x0800016c   0x0000001a   Code   RO         5665    .text               mc_w.l(memcmp.o)
    0x08000186   0x08000186   0x0000007c   Code   RO         5934    .text               mf_w.l(fdiv.o)
    0x08000202   0x08000202   0x0000014e   Code   RO         5936    .text               mf_w.l(dadd.o)
    0x08000350   0x08000350   0x000000e4   Code   RO         5938    .text               mf_w.l(dmul.o)
    0x08000434   0x08000434   0x000000de   Code   RO         5940    .text               mf_w.l(ddiv.o)
    0x08000512   0x08000512   0x00000012   Code   RO         5942    .text               mf_w.l(fflti.o)
    0x08000524   0x08000524   0x00000026   Code   RO         5950    .text               mf_w.l(f2d.o)
    0x0800054a   0x0800054a   0x00000002   PAD
    0x0800054c   0x0800054c   0x00000030   Code   RO         5954    .text               mf_w.l(cdrcmple.o)
    0x0800057c   0x0800057c   0x0000002c   Code   RO         5996    .text               mc_w.l(uidiv.o)
    0x080005a8   0x080005a8   0x00000062   Code   RO         5998    .text               mc_w.l(uldiv.o)
    0x0800060a   0x0800060a   0x0000001e   Code   RO         6000    .text               mc_w.l(llshl.o)
    0x08000628   0x08000628   0x00000020   Code   RO         6002    .text               mc_w.l(llushr.o)
    0x08000648   0x08000648   0x00000024   Code   RO         6004    .text               mc_w.l(llsshr.o)
    0x0800066c   0x0800066c   0x00000000   Code   RO         6013    .text               mc_w.l(iusefp.o)
    0x0800066c   0x0800066c   0x0000006e   Code   RO         6014    .text               mf_w.l(fepilogue.o)
    0x080006da   0x080006da   0x000000ba   Code   RO         6016    .text               mf_w.l(depilogue.o)
    0x08000794   0x08000794   0x00000030   Code   RO         6022    .text               mf_w.l(dfixul.o)
    0x080007c4   0x080007c4   0x00000024   Code   RO         6024    .text               mc_w.l(init.o)
    0x080007e8   0x080007e8   0x00000056   Code   RO         6034    .text               mc_w.l(__dczerorl2.o)
    0x0800083e   0x0800083e   0x00000004   Code   RO            1    i.BusFault_Handler  stm32f10x_it.o
    0x08000842   0x08000842   0x00000002   Code   RO            2    i.DebugMon_Handler  stm32f10x_it.o
    0x08000844   0x08000844   0x00000074   Code   RO         4470    i.GPIO_Configuration  port.o
    0x080008b8   0x080008b8   0x00000116   Code   RO          572    i.GPIO_Init         stm32f10x_gpio.o
    0x080009ce   0x080009ce   0x00000002   PAD
    0x080009d0   0x080009d0   0x00000090   Code   RO          574    i.GPIO_PinRemapConfig  stm32f10x_gpio.o
    0x08000a60   0x08000a60   0x00000004   Code   RO          579    i.GPIO_ResetBits    stm32f10x_gpio.o
    0x08000a64   0x08000a64   0x00000004   Code   RO          580    i.GPIO_SetBits      stm32f10x_gpio.o
    0x08000a68   0x08000a68   0x00000004   Code   RO            3    i.HardFault_Handler  stm32f10x_it.o
    0x08000a6c   0x08000a6c   0x00000040   Code   RO         4605    i.LCD_ClearLines    lcd_oled.o
    0x08000aac   0x08000aac   0x0000002e   Code   RO         4471    i.LED_TEST          port.o
    0x08000ada   0x08000ada   0x00000004   Code   RO            4    i.MemManage_Handler  stm32f10x_it.o
    0x08000ade   0x08000ade   0x00000002   Code   RO            5    i.NMI_Handler       stm32f10x_it.o
    0x08000ae0   0x08000ae0   0x00000028   Code   RO         4472    i.NVIC_SetPriority  port.o
    0x08000b08   0x08000b08   0x00000040   Code   RO         4606    i.OLED_Clear        lcd_oled.o
    0x08000b48   0x08000b48   0x00000088   Code   RO         4610    i.OLED_Init         lcd_oled.o
    0x08000bd0   0x08000bd0   0x0000002e   Code   RO         4611    i.OLED_Set_Pos      lcd_oled.o
    0x08000bfe   0x08000bfe   0x00000002   PAD
    0x08000c00   0x08000c00   0x00000074   Code   RO         4613    i.OLED_ShowChar     lcd_oled.o
    0x08000c74   0x08000c74   0x00000036   Code   RO         4615    i.OLED_ShowString   lcd_oled.o
    0x08000caa   0x08000caa   0x00000002   PAD
    0x08000cac   0x08000cac   0x00000084   Code   RO         4616    i.OLED_WR_Byte      lcd_oled.o
    0x08000d30   0x08000d30   0x00000002   Code   RO            6    i.PendSV_Handler    stm32f10x_it.o
    0x08000d32   0x08000d32   0x00000002   PAD
    0x08000d34   0x08000d34   0x00000020   Code   RO          299    i.RCC_APB1PeriphClockCmd  stm32f10x_rcc.o
    0x08000d54   0x08000d54   0x00000020   Code   RO          300    i.RCC_APB1PeriphResetCmd  stm32f10x_rcc.o
    0x08000d74   0x08000d74   0x00000020   Code   RO          301    i.RCC_APB2PeriphClockCmd  stm32f10x_rcc.o
    0x08000d94   0x08000d94   0x00000020   Code   RO          302    i.RCC_APB2PeriphResetCmd  stm32f10x_rcc.o
    0x08000db4   0x08000db4   0x000000d8   Code   RO          309    i.RCC_GetClocksFreq  stm32f10x_rcc.o
    0x08000e8c   0x08000e8c   0x0000001c   Code   RO         4474    i.SPI_ChangeRate    port.o
    0x08000ea8   0x08000ea8   0x00000018   Code   RO          787    i.SPI_Cmd           stm32f10x_spi.o
    0x08000ec0   0x08000ec0   0x000000b4   Code   RO         4476    i.SPI_Configuration  port.o
    0x08000f74   0x08000f74   0x00000058   Code   RO          794    i.SPI_I2S_DeInit    stm32f10x_spi.o
    0x08000fcc   0x08000fcc   0x00000012   Code   RO          795    i.SPI_I2S_GetFlagStatus  stm32f10x_spi.o
    0x08000fde   0x08000fde   0x0000003c   Code   RO          800    i.SPI_Init          stm32f10x_spi.o
    0x0800101a   0x0800101a   0x00000018   Code   RO          802    i.SPI_SSOutputCmd   stm32f10x_spi.o
    0x08001032   0x08001032   0x00000002   PAD
    0x08001034   0x08001034   0x000000b4   Code   RO         3433    i.STM_EVAL_COMInit  stm32_eval.o
    0x080010e8   0x080010e8   0x00000018   Code   RO         3435    i.STM_EVAL_LEDOff   stm32_eval.o
    0x08001100   0x08001100   0x00000018   Code   RO         3436    i.STM_EVAL_LEDOn    stm32_eval.o
    0x08001118   0x08001118   0x00000002   Code   RO            7    i.SVC_Handler       stm32f10x_it.o
    0x0800111a   0x0800111a   0x00000002   PAD
    0x0800111c   0x0800111c   0x00000018   Code   RO          156    i.Semaphore_Init    main.o
    0x08001134   0x08001134   0x00000008   Code   RO         3392    i.SetSysClock       system_stm32f10x.o
    0x0800113c   0x0800113c   0x000000e0   Code   RO         3393    i.SetSysClockTo72   system_stm32f10x.o
    0x0800121c   0x0800121c   0x0000001c   Code   RO          157    i.Sum_Tag_Semaphore_request  main.o
    0x08001238   0x08001238   0x00000054   Code   RO         4477    i.SysTick_Configuration  port.o
    0x0800128c   0x0800128c   0x00000010   Code   RO            8    i.SysTick_Handler   stm32f10x_it.o
    0x0800129c   0x0800129c   0x00000060   Code   RO         3395    i.SystemInit        system_stm32f10x.o
    0x080012fc   0x080012fc   0x00000294   Code   RO          158    i.Tag_Measure_Dis   main.o
    0x08001590   0x08001590   0x00000012   Code   RO         1052    i.USART_ClearFlag   stm32f10x_usart.o
    0x080015a2   0x080015a2   0x00000018   Code   RO         1056    i.USART_Cmd         stm32f10x_usart.o
    0x080015ba   0x080015ba   0x0000001a   Code   RO         1059    i.USART_GetFlagStatus  stm32f10x_usart.o
    0x080015d4   0x080015d4   0x000000d8   Code   RO         1063    i.USART_Init        stm32f10x_usart.o
    0x080016ac   0x080016ac   0x00000008   Code   RO         1073    i.USART_SendData    stm32f10x_usart.o
    0x080016b4   0x080016b4   0x00000004   Code   RO            9    i.UsageFault_Handler  stm32f10x_it.o
    0x080016b8   0x080016b8   0x00000020   Code   RO         5902    i.__0printf         mc_w.l(printfa.o)
    0x080016d8   0x080016d8   0x00000028   Code   RO         5904    i.__0sprintf        mc_w.l(printfa.o)
    0x08001700   0x08001700   0x0000000e   Code   RO         6028    i.__scatterload_copy  mc_w.l(handlers.o)
    0x0800170e   0x0800170e   0x00000002   Code   RO         6029    i.__scatterload_null  mc_w.l(handlers.o)
    0x08001710   0x08001710   0x0000000e   Code   RO         6030    i.__scatterload_zeroinit  mc_w.l(handlers.o)
    0x0800171e   0x0800171e   0x00000038   Code   RO         4724    i._dwt_configlde    deca_device.o
    0x08001756   0x08001756   0x000000e4   Code   RO         4726    i._dwt_enableclocks  deca_device.o
    0x0800183a   0x0800183a   0x00000034   Code   RO         4727    i._dwt_loaducodefromrom  deca_device.o
    0x0800186e   0x0800186e   0x0000004e   Code   RO         4729    i._dwt_otpread      deca_device.o
    0x080018bc   0x080018bc   0x00000184   Code   RO         5909    i._fp_digits        mc_w.l(printfa.o)
    0x08001a40   0x08001a40   0x000006b4   Code   RO         5910    i._printf_core      mc_w.l(printfa.o)
    0x080020f4   0x080020f4   0x00000024   Code   RO         5911    i._printf_post_padding  mc_w.l(printfa.o)
    0x08002118   0x08002118   0x0000002e   Code   RO         5912    i._printf_pre_padding  mc_w.l(printfa.o)
    0x08002146   0x08002146   0x0000000a   Code   RO         5914    i._sputc            mc_w.l(printfa.o)
    0x08002150   0x08002150   0x0000016c   Code   RO          159    i.compute_angle_send_to_anthor0  main.o
    0x080022bc   0x080022bc   0x00000018   Code   RO         4389    i.deca_sleep        deca_sleep.o
    0x080022d4   0x080022d4   0x00000002   Code   RO         4371    i.decamutexoff      deca_mutex.o
    0x080022d6   0x080022d6   0x00000004   Code   RO         4372    i.decamutexon       deca_mutex.o
    0x080022da   0x080022da   0x00000002   PAD
    0x080022dc   0x080022dc   0x000001e4   Code   RO          160    i.distance_mange    main.o
    0x080024c0   0x080024c0   0x00000248   Code   RO         4737    i.dwt_configure     deca_device.o
    0x08002708   0x08002708   0x00000026   Code   RO         4744    i.dwt_entersleepaftertx  deca_device.o
    0x0800272e   0x0800272e   0x00000002   PAD
    0x08002730   0x08002730   0x0000005c   Code   RO         4745    i.dwt_forcetrxoff   deca_device.o
    0x0800278c   0x0800278c   0x00000120   Code   RO         4749    i.dwt_initialise    deca_device.o
    0x080028ac   0x080028ac   0x0000002c   Code   RO         4755    i.dwt_read16bitoffsetreg  deca_device.o
    0x080028d8   0x080028d8   0x00000038   Code   RO         4756    i.dwt_read32bitoffsetreg  deca_device.o
    0x08002910   0x08002910   0x0000000c   Code   RO         4758    i.dwt_readdevid     deca_device.o
    0x0800291c   0x0800291c   0x00000064   Code   RO         4761    i.dwt_readfromdevice  deca_device.o
    0x08002980   0x08002980   0x00000016   Code   RO         4762    i.dwt_readrxdata    deca_device.o
    0x08002996   0x08002996   0x00000012   Code   RO         4763    i.dwt_readrxtimestamp  deca_device.o
    0x080029a8   0x080029a8   0x00000012   Code   RO         4769    i.dwt_readtxtimestamp  deca_device.o
    0x080029ba   0x080029ba   0x00000054   Code   RO         4774    i.dwt_rxenable      deca_device.o
    0x08002a0e   0x08002a0e   0x00000010   Code   RO         4783    i.dwt_setdelayedtrxtime  deca_device.o
    0x08002a1e   0x08002a1e   0x000000d2   Code   RO         4786    i.dwt_setleds       deca_device.o
    0x08002af0   0x08002af0   0x00000024   Code   RO         4789    i.dwt_setrxaftertxdelay  deca_device.o
    0x08002b14   0x08002b14   0x00000012   Code   RO         4790    i.dwt_setrxantennadelay  deca_device.o
    0x08002b26   0x08002b26   0x00000002   PAD
    0x08002b28   0x08002b28   0x0000006c   Code   RO         4792    i.dwt_setrxtimeout  deca_device.o
    0x08002b94   0x08002b94   0x00000010   Code   RO         4794    i.dwt_settxantennadelay  deca_device.o
    0x08002ba4   0x08002ba4   0x0000009c   Code   RO         4797    i.dwt_starttx       deca_device.o
    0x08002c40   0x08002c40   0x00000038   Code   RO         4798    i.dwt_syncrxbufptrs  deca_device.o
    0x08002c78   0x08002c78   0x00000026   Code   RO         4799    i.dwt_write16bitoffsetreg  deca_device.o
    0x08002c9e   0x08002c9e   0x00000030   Code   RO         4800    i.dwt_write32bitoffsetreg  deca_device.o
    0x08002cce   0x08002cce   0x00000068   Code   RO         4801    i.dwt_writetodevice  deca_device.o
    0x08002d36   0x08002d36   0x00000026   Code   RO         4802    i.dwt_writetxdata   deca_device.o
    0x08002d5c   0x08002d5c   0x00000024   Code   RO         4803    i.dwt_writetxfctrl  deca_device.o
    0x08002d80   0x08002d80   0x00000034   Code   RO         4804    i.dwt_xtaltrim      deca_device.o
    0x08002db4   0x08002db4   0x00000090   Code   RO          161    i.filter            main.o
    0x08002e44   0x08002e44   0x0000001a   Code   RO          163    i.final_msg_set_ts  main.o
    0x08002e5e   0x08002e5e   0x00000002   PAD
    0x08002e60   0x08002e60   0x0000002c   Code   RO          164    i.fputc             main.o
    0x08002e8c   0x08002e8c   0x0000002c   Code   RO          165    i.get_rx_timestamp_u64  main.o
    0x08002eb8   0x08002eb8   0x0000002c   Code   RO          166    i.get_tx_timestamp_u64  main.o
    0x08002ee4   0x08002ee4   0x00000048   Code   RO         4480    i.led_off           port.o
    0x08002f2c   0x08002f2c   0x00000048   Code   RO         4481    i.led_on            port.o
    0x08002f74   0x08002f74   0x00000438   Code   RO          167    i.main              main.o
    0x080033ac   0x080033ac   0x0000003c   Code   RO         4482    i.peripherals_init  port.o
    0x080033e8   0x080033e8   0x0000000c   Code   RO         4483    i.portGetTickCnt    port.o
    0x080033f4   0x080033f4   0x00000080   Code   RO         4406    i.readfromspi_serial  deca_spi.o
    0x08003474   0x08003474   0x00000048   Code   RO         4484    i.reset_DW1000      port.o
    0x080034bc   0x080034bc   0x00000008   Code   RO         4485    i.spi_peripheral_init  port.o
    0x080034c4   0x080034c4   0x0000000a   Code   RO         4486    i.spi_set_rate_high  port.o
    0x080034ce   0x080034ce   0x0000000a   Code   RO         4487    i.spi_set_rate_low  port.o
    0x080034d8   0x080034d8   0x00000058   Code   RO         4488    i.usartinit         port.o
    0x08003530   0x08003530   0x0000007c   Code   RO         4407    i.writetospi_serial  deca_spi.o
    0x080035ac   0x080035ac   0x000000a8   Data   RO         3442    .constdata          stm32_eval.o
    0x08003654   0x08003654   0x00000818   Data   RO         4618    .constdata          lcd_oled.o
    0x08003e6c   0x08003e6c   0x000000ae   Data   RO         5238    .constdata          deca_params_init.o
    0x08003f1a   0x08003f1a   0x00000002   PAD
    0x08003f1c   0x08003f1c   0x00000112   Data   RO         4489    .conststring        port.o
    0x0800402e   0x0800402e   0x00000002   PAD
    0x08004030   0x08004030   0x00000020   Data   RO         6026    Region$$Table       anon$$obj.o


    Execution Region RW_IRAM1 (Exec base: 0x20000000, Load base: 0x08004050, Size: 0x00000ae8, Max: 0x00005000, ABSOLUTE, COMPRESSED[0x0000013c])

    Exec Addr    Load Addr    Size         Type   Attr      Idx    E Section Name        Object

    0x20000000   COMPRESSED   0x00000004   Data   RW           10    .data               stm32f10x_it.o
    0x20000004   COMPRESSED   0x00000004   PAD
    0x20000008   COMPRESSED   0x00000140   Data   RW          169    .data               main.o
    0x20000148   COMPRESSED   0x00000014   Data   RW          329    .data               stm32f10x_rcc.o
    0x2000015c   COMPRESSED   0x00000014   Data   RW         3396    .data               system_stm32f10x.o
    0x20000170   COMPRESSED   0x00000048   Data   RW         3443    .data               stm32_eval.o
    0x200001b8   COMPRESSED   0x000001d0   Data   RW         4619    .data               lcd_oled.o
    0x20000388   COMPRESSED   0x00000004   Data   RW         5995    .data               mc_w.l(stdout.o)
    0x2000038c   COMPRESSED   0x00000004   PAD
    0x20000390        -       0x00000118   Zero   RW          168    .bss                main.o
    0x200004a8        -       0x0000003c   Zero   RW         4805    .bss                deca_device.o
    0x200004e4   COMPRESSED   0x00000004   PAD
    0x200004e8        -       0x00000600   Zero   RW         4364    STACK               startup_stm32f10x_hd.o


==============================================================================

Image component sizes


      Code (inc. data)   RO Data    RW Data    ZI Data      Debug   Object Name

         0          0          0          0          0         32   core_cm3.o
      2702         96          0          0         60      25377   deca_device.o
         6          0          0          0          0        977   deca_mutex.o
         0          0        174          0          0       1937   deca_params_init.o
        24          0          0          0          0       4461   deca_sleep.o
       252         18          0          0          0       5889   deca_spi.o
       612         22       2072        464          0       5772   lcd_oled.o
      2942        398          0        320        280     218114   main.o
       898         92        274          0          0      23413   port.o
        36          8        304          0       1536        956   startup_stm32f10x_hd.o
       228         50        168         72          0       7634   stm32_eval.o
       430          6          0          0          0      21826   stm32f10x_gpio.o
        40          4          0          4          0      30700   stm32f10x_it.o
       344         48          0         20          0      15164   stm32f10x_rcc.o
       214         12          0          0          0      11584   stm32f10x_spi.o
       292          6          0          0          0      11414   stm32f10x_usart.o
       328         28          0         20          0       2361   system_stm32f10x.o

    ----------------------------------------------------------------------
      9368        788       3028        904       1880     387611   Object Totals
         0          0         32          0          0          0   (incl. Generated)
        20          0          4          4          4          0   (incl. Padding)

    ----------------------------------------------------------------------

      Code (inc. data)   RO Data    RW Data    ZI Data      Debug   Library Member Name

        86          0          0          0          0          0   __dczerorl2.o
         0          0          0          0          0          0   entry.o
         0          0          0          0          0          0   entry10a.o
         0          0          0          0          0          0   entry11a.o
         4          0          0          0          0          0   entry12b.o
         8          4          0          0          0          0   entry2.o
         4          0          0          0          0          0   entry5.o
         0          0          0          0          0          0   entry7b.o
         0          0          0          0          0          0   entry8b.o
         8          4          0          0          0          0   entry9a.o
        30          0          0          0          0          0   handlers.o
        36          8          0          0          0         68   init.o
         0          0          0          0          0          0   iusefp.o
        30          0          0          0          0         68   llshl.o
        36          0          0          0          0         68   llsshr.o
        32          0          0          0          0         68   llushr.o
        26          0          0          0          0         80   memcmp.o
      2268         96          0          0          0        616   printfa.o
         0          0          0          4          0          0   stdout.o
        44          0          0          0          0         80   uidiv.o
        98          0          0          0          0         92   uldiv.o
        48          0          0          0          0         68   cdrcmple.o
       334          0          0          0          0        148   dadd.o
       222          0          0          0          0        100   ddiv.o
       186          0          0          0          0        176   depilogue.o
        48          0          0          0          0         68   dfixul.o
       228          0          0          0          0         96   dmul.o
        38          0          0          0          0         68   f2d.o
       124          0          0          0          0         88   fdiv.o
       110          0          0          0          0        168   fepilogue.o
        18          0          0          0          0         68   fflti.o

    ----------------------------------------------------------------------
      4068        112          0          4          4       2188   Library Totals
         2          0          0          0          4          0   (incl. Padding)

    ----------------------------------------------------------------------

      Code (inc. data)   RO Data    RW Data    ZI Data      Debug   Library Name

      2710        112          0          4          0       1140   mc_w.l
      1356          0          0          0          0       1048   mf_w.l

    ----------------------------------------------------------------------
      4068        112          0          4          4       2188   Library Totals

    ----------------------------------------------------------------------

==============================================================================


      Code (inc. data)   RO Data    RW Data    ZI Data      Debug   

     13436        900       3028        908       1884     383843   Grand Totals
     13436        900       3028        316       1884     383843   ELF Image Totals (compressed)
     13436        900       3028        316          0          0   ROM Totals

==============================================================================

    Total RO  Size (Code + RO Data)                16464 (  16.08kB)
    Total RW  Size (RW Data + ZI Data)              2792 (   2.73kB)
    Total ROM Size (Code + RO Data + RW Data)      16780 (  16.39kB)

==============================================================================

